Archive member included to satisfy reference by file (symbol)

C:/ST/STM32CubeIDE_1.13.1/STM32CubeIDE/plugins/com.st.stm32cube.ide.mcu.externaltools.gnu-tools-for-stm32.11.3.rel1.win32_1.1.0.202305231506/tools/bin/../lib/gcc/arm-none-eabi/11.3.1/../../../../arm-none-eabi/lib/thumb/v7e-m/nofp\libc_nano.a(libc_a-exit.o)
                              C:/ST/STM32CubeIDE_1.13.1/STM32CubeIDE/plugins/com.st.stm32cube.ide.mcu.externaltools.gnu-tools-for-stm32.11.3.rel1.win32_1.1.0.202305231506/tools/bin/../lib/gcc/arm-none-eabi/11.3.1/../../../../arm-none-eabi/lib/thumb/v7e-m/nofp/crt0.o (exit)
C:/ST/STM32CubeIDE_1.13.1/STM32CubeIDE/plugins/com.st.stm32cube.ide.mcu.externaltools.gnu-tools-for-stm32.11.3.rel1.win32_1.1.0.202305231506/tools/bin/../lib/gcc/arm-none-eabi/11.3.1/../../../../arm-none-eabi/lib/thumb/v7e-m/nofp\libc_nano.a(libc_a-findfp.o)
                              C:/ST/STM32CubeIDE_1.13.1/STM32CubeIDE/plugins/com.st.stm32cube.ide.mcu.externaltools.gnu-tools-for-stm32.11.3.rel1.win32_1.1.0.202305231506/tools/bin/../lib/gcc/arm-none-eabi/11.3.1/../../../../arm-none-eabi/lib/thumb/v7e-m/nofp\libc_nano.a(libc_a-exit.o) (__stdio_exit_handler)
C:/ST/STM32CubeIDE_1.13.1/STM32CubeIDE/plugins/com.st.stm32cube.ide.mcu.externaltools.gnu-tools-for-stm32.11.3.rel1.win32_1.1.0.202305231506/tools/bin/../lib/gcc/arm-none-eabi/11.3.1/../../../../arm-none-eabi/lib/thumb/v7e-m/nofp\libc_nano.a(libc_a-fwalk.o)
                              C:/ST/STM32CubeIDE_1.13.1/STM32CubeIDE/plugins/com.st.stm32cube.ide.mcu.externaltools.gnu-tools-for-stm32.11.3.rel1.win32_1.1.0.202305231506/tools/bin/../lib/gcc/arm-none-eabi/11.3.1/../../../../arm-none-eabi/lib/thumb/v7e-m/nofp\libc_nano.a(libc_a-findfp.o) (_fwalk_sglue)
C:/ST/STM32CubeIDE_1.13.1/STM32CubeIDE/plugins/com.st.stm32cube.ide.mcu.externaltools.gnu-tools-for-stm32.11.3.rel1.win32_1.1.0.202305231506/tools/bin/../lib/gcc/arm-none-eabi/11.3.1/../../../../arm-none-eabi/lib/thumb/v7e-m/nofp\libc_nano.a(libc_a-stdio.o)
                              C:/ST/STM32CubeIDE_1.13.1/STM32CubeIDE/plugins/com.st.stm32cube.ide.mcu.externaltools.gnu-tools-for-stm32.11.3.rel1.win32_1.1.0.202305231506/tools/bin/../lib/gcc/arm-none-eabi/11.3.1/../../../../arm-none-eabi/lib/thumb/v7e-m/nofp\libc_nano.a(libc_a-findfp.o) (__sread)
C:/ST/STM32CubeIDE_1.13.1/STM32CubeIDE/plugins/com.st.stm32cube.ide.mcu.externaltools.gnu-tools-for-stm32.11.3.rel1.win32_1.1.0.202305231506/tools/bin/../lib/gcc/arm-none-eabi/11.3.1/../../../../arm-none-eabi/lib/thumb/v7e-m/nofp\libc_nano.a(libc_a-memset.o)
                              C:/ST/STM32CubeIDE_1.13.1/STM32CubeIDE/plugins/com.st.stm32cube.ide.mcu.externaltools.gnu-tools-for-stm32.11.3.rel1.win32_1.1.0.202305231506/tools/bin/../lib/gcc/arm-none-eabi/11.3.1/../../../../arm-none-eabi/lib/thumb/v7e-m/nofp/crt0.o (memset)
C:/ST/STM32CubeIDE_1.13.1/STM32CubeIDE/plugins/com.st.stm32cube.ide.mcu.externaltools.gnu-tools-for-stm32.11.3.rel1.win32_1.1.0.202305231506/tools/bin/../lib/gcc/arm-none-eabi/11.3.1/../../../../arm-none-eabi/lib/thumb/v7e-m/nofp\libc_nano.a(libc_a-strncmp.o)
                              ./Application/User/SubGHz_Phy/App/subghz_phy_app.o (strncmp)
C:/ST/STM32CubeIDE_1.13.1/STM32CubeIDE/plugins/com.st.stm32cube.ide.mcu.externaltools.gnu-tools-for-stm32.11.3.rel1.win32_1.1.0.202305231506/tools/bin/../lib/gcc/arm-none-eabi/11.3.1/../../../../arm-none-eabi/lib/thumb/v7e-m/nofp\libc_nano.a(libc_a-closer.o)
                              C:/ST/STM32CubeIDE_1.13.1/STM32CubeIDE/plugins/com.st.stm32cube.ide.mcu.externaltools.gnu-tools-for-stm32.11.3.rel1.win32_1.1.0.202305231506/tools/bin/../lib/gcc/arm-none-eabi/11.3.1/../../../../arm-none-eabi/lib/thumb/v7e-m/nofp\libc_nano.a(libc_a-stdio.o) (_close_r)
C:/ST/STM32CubeIDE_1.13.1/STM32CubeIDE/plugins/com.st.stm32cube.ide.mcu.externaltools.gnu-tools-for-stm32.11.3.rel1.win32_1.1.0.202305231506/tools/bin/../lib/gcc/arm-none-eabi/11.3.1/../../../../arm-none-eabi/lib/thumb/v7e-m/nofp\libc_nano.a(libc_a-reent.o)
                              C:/ST/STM32CubeIDE_1.13.1/STM32CubeIDE/plugins/com.st.stm32cube.ide.mcu.externaltools.gnu-tools-for-stm32.11.3.rel1.win32_1.1.0.202305231506/tools/bin/../lib/gcc/arm-none-eabi/11.3.1/../../../../arm-none-eabi/lib/thumb/v7e-m/nofp\libc_nano.a(libc_a-closer.o) (errno)
C:/ST/STM32CubeIDE_1.13.1/STM32CubeIDE/plugins/com.st.stm32cube.ide.mcu.externaltools.gnu-tools-for-stm32.11.3.rel1.win32_1.1.0.202305231506/tools/bin/../lib/gcc/arm-none-eabi/11.3.1/../../../../arm-none-eabi/lib/thumb/v7e-m/nofp\libc_nano.a(libc_a-impure.o)
                              C:/ST/STM32CubeIDE_1.13.1/STM32CubeIDE/plugins/com.st.stm32cube.ide.mcu.externaltools.gnu-tools-for-stm32.11.3.rel1.win32_1.1.0.202305231506/tools/bin/../lib/gcc/arm-none-eabi/11.3.1/../../../../arm-none-eabi/lib/thumb/v7e-m/nofp\libc_nano.a(libc_a-reent.o) (_impure_ptr)
[...]
Memory Configuration

Name             Origin             Length             Attributes
RAM1             0x0000000020000000 0x0000000000008000 xrw
RAM2             0x0000000020008000 0x0000000000008000 xrw
FLASH            0x0000000008000000 0x0000000000040000 xr
*default*        0x0000000000000000 0xffffffffffffffff

Linker script and memory map

LOAD C:/ST/STM32CubeIDE_1.13.1/STM32CubeIDE/plugins/com.st.stm32cube.ide.mcu.externaltools.gnu-tools-for-stm32.11.3.rel1.win32_1.1.0.202305231506/tools/bin/../lib/gcc/arm-none-eabi/11.3.1/thumb/v7e-m/nofp/crti.o
LOAD C:/ST/STM32CubeIDE_1.13.1/STM32CubeIDE/plugins/com.st.stm32cube.ide.mcu.externaltools.gnu-tools-for-stm32.11.3.rel1.win32_1.1.0.202305231506/tools/bin/../lib/gcc/arm-none-eabi/11.3.1/thumb/v7e-m/nofp/crtbegin.o
LOAD C:/ST/STM32CubeIDE_1.13.1/STM32CubeIDE/plugins/com.st.stm32cube.ide.mcu.externaltools.gnu-tools-for-stm32.11.3.rel1.win32_1.1.0.202305231506/tools/bin/../lib/gcc/arm-none-eabi/11.3.1/../../../../arm-none-eabi/lib/thumb/v7e-m/nofp/crt0.o
LOAD ./Application/User/Core/dma.o
LOAD ./Application/User/Core/gpio.o
LOAD ./Application/User/Core/main.o
LOAD ./Application/User/Core/rtc.o
LOAD ./Application/User/Core/stm32_lpm_if.o
LOAD ./Application/User/Core/stm32wlxx_hal_msp.o
LOAD ./Application/User/Core/stm32wlxx_it.o
LOAD ./Application/User/Core/subghz.o
LOAD ./Application/User/Core/sys_app.o
LOAD ./Application/User/Core/sys_debug.o
LOAD ./Application/User/Core/syscalls.o
LOAD ./Application/User/Core/sysmem.o
LOAD ./Application/User/Core/timer_if.o
LOAD ./Application/User/Core/usart.o
LOAD ./Application/User/Core/usart_if.o
LOAD ./Application/User/Startup/startup_stm32wl55jcix.o
LOAD ./Application/User/SubGHz_Phy/App/app_subghz_phy.o
LOAD ./Application/User/SubGHz_Phy/App/subghz_phy_app.o
LOAD ./Application/User/SubGHz_Phy/Target/radio_board_if.o
LOAD ./Drivers/BSP/STM32WLxx_Nucleo/stm32wlxx_nucleo.o
LOAD ./Drivers/BSP/STM32WLxx_Nucleo/stm32wlxx_nucleo_radio.o
LOAD ./Drivers/CMSIS/system_stm32wlxx.o
LOAD ./Drivers/STM32WLxx_HAL_Driver/stm32wlxx_hal.o
LOAD ./Drivers/STM32WLxx_HAL_Driver/stm32wlxx_hal_cortex.o
LOAD ./Drivers/STM32WLxx_HAL_Driver/stm32wlxx_hal_dma.o
LOAD ./Drivers/STM32WLxx_HAL_Driver/stm32wlxx_hal_dma_ex.o
LOAD ./Drivers/STM32WLxx_HAL_Driver/stm32wlxx_hal_exti.o
LOAD ./Drivers/STM32WLxx_HAL_Driver/stm32wlxx_hal_flash.o
LOAD ./Drivers/STM32WLxx_HAL_Driver/stm32wlxx_hal_flash_ex.o
LOAD ./Drivers/STM32WLxx_HAL_Driver/stm32wlxx_hal_gpio.o
LOAD ./Drivers/STM32WLxx_HAL_Driver/stm32wlxx_hal_pwr.o
LOAD ./Drivers/STM32WLxx_HAL_Driver/stm32wlxx_hal_pwr_ex.o
LOAD ./Drivers/STM32WLxx_HAL_Driver/stm32wlxx_hal_rcc.o
LOAD ./Drivers/STM32WLxx_HAL_Driver/stm32wlxx_hal_rcc_ex.o
LOAD ./Drivers/STM32WLxx_HAL_Driver/stm32wlxx_hal_rtc.o
LOAD ./Drivers/STM32WLxx_HAL_Driver/stm32wlxx_hal_rtc_ex.o
LOAD ./Drivers/STM32WLxx_HAL_Driver/stm32wlxx_hal_subghz.o
LOAD ./Drivers/STM32WLxx_HAL_Driver/stm32wlxx_hal_tim.o
LOAD ./Drivers/STM32WLxx_HAL_Driver/stm32wlxx_hal_tim_ex.o
LOAD ./Drivers/STM32WLxx_HAL_Driver/stm32wlxx_hal_uart.o
LOAD ./Drivers/STM32WLxx_HAL_Driver/stm32wlxx_hal_uart_ex.o
LOAD ./Middlewares/SubGHz_Phy/lr_fhss_mac.o
LOAD ./Middlewares/SubGHz_Phy/radio.o
LOAD ./Middlewares/SubGHz_Phy/radio_driver.o
LOAD ./Middlewares/SubGHz_Phy/radio_fw.o
LOAD ./Middlewares/SubGHz_Phy/wl_lr_fhss.o
LOAD ./Utilities/stm32_adv_trace.o
LOAD ./Utilities/stm32_lpm.o
LOAD ./Utilities/stm32_mem.o
LOAD ./Utilities/stm32_seq.o
LOAD ./Utilities/stm32_systime.o
LOAD ./Utilities/stm32_timer.o
LOAD ./Utilities/stm32_tiny_sscanf.o
LOAD ./Utilities/stm32_tiny_vsnprintf.o
START GROUP
LOAD C:/ST/STM32CubeIDE_1.13.1/STM32CubeIDE/plugins/com.st.stm32cube.ide.mcu.externaltools.gnu-tools-for-stm32.11.3.rel1.win32_1.1.0.202305231506/tools/bin/../lib/gcc/arm-none-eabi/11.3.1/../../../../arm-none-eabi/lib/thumb/v7e-m/nofp\libc_nano.a
LOAD C:/ST/STM32CubeIDE_1.13.1/STM32CubeIDE/plugins/com.st.stm32cube.ide.mcu.externaltools.gnu-tools-for-stm32.11.3.rel1.win32_1.1.0.202305231506/tools/bin/../lib/gcc/arm-none-eabi/11.3.1/../../../../arm-none-eabi/lib/thumb/v7e-m/nofp\libm.a
END GROUP
START GROUP
LOAD C:/ST/STM32CubeIDE_1.13.1/STM32CubeIDE/plugins/com.st.stm32cube.ide.mcu.externaltools.gnu-tools-for-stm32.11.3.rel1.win32_1.1.0.202305231506/tools/bin/../lib/gcc/arm-none-eabi/11.3.1/thumb/v7e-m/nofp\libgcc.a
LOAD C:/ST/STM32CubeIDE_1.13.1/STM32CubeIDE/plugins/com.st.stm32cube.ide.mcu.externaltools.gnu-tools-for-stm32.11.3.rel1.win32_1.1.0.202305231506/tools/bin/../lib/gcc/arm-none-eabi/11.3.1/../../../../arm-none-eabi/lib/thumb/v7e-m/nofp\libc_nano.a
END GROUP
START GROUP
LOAD C:/ST/STM32CubeIDE_1.13.1/STM32CubeIDE/plugins/com.st.stm32cube.ide.mcu.externaltools.gnu-tools-for-stm32.11.3.rel1.win32_1.1.0.202305231506/tools/bin/../lib/gcc/arm-none-eabi/11.3.1/thumb/v7e-m/nofp\libgcc.a
LOAD C:/ST/STM32CubeIDE_1.13.1/STM32CubeIDE/plugins/com.st.stm32cube.ide.mcu.externaltools.gnu-tools-for-stm32.11.3.rel1.win32_1.1.0.202305231506/tools/bin/../lib/gcc/arm-none-eabi/11.3.1/../../../../arm-none-eabi/lib/thumb/v7e-m/nofp\libc_nano.a
LOAD C:/ST/STM32CubeIDE_1.13.1/STM32CubeIDE/plugins/com.st.stm32cube.ide.mcu.externaltools.gnu-tools-for-stm32.11.3.rel1.win32_1.1.0.202305231506/tools/bin/../lib/gcc/arm-none-eabi/11.3.1/../../../../arm-none-eabi/lib/thumb/v7e-m/nofp\libnosys.a
END GROUP
START GROUP
LOAD C:/ST/STM32CubeIDE_1.13.1/STM32CubeIDE/plugins/com.st.stm32cube.ide.mcu.externaltools.gnu-tools-for-stm32.11.3.rel1.win32_1.1.0.202305231506/tools/bin/../lib/gcc/arm-none-eabi/11.3.1/thumb/v7e-m/nofp\libgcc.a
LOAD C:/ST/STM32CubeIDE_1.13.1/STM32CubeIDE/plugins/com.st.stm32cube.ide.mcu.externaltools.gnu-tools-for-stm32.11.3.rel1.win32_1.1.0.202305231506/tools/bin/../lib/gcc/arm-none-eabi/11.3.1/../../../../arm-none-eabi/lib/thumb/v7e-m/nofp\libc_nano.a
LOAD C:/ST/STM32CubeIDE_1.13.1/STM32CubeIDE/plugins/com.st.stm32cube.ide.mcu.externaltools.gnu-tools-for-stm32.11.3.rel1.win32_1.1.0.202305231506/tools/bin/../lib/gcc/arm-none-eabi/11.3.1/../../../../arm-none-eabi/lib/thumb/v7e-m/nofp\libnosys.a
END GROUP
LOAD C:/ST/STM32CubeIDE_1.13.1/STM32CubeIDE/plugins/com.st.stm32cube.ide.mcu.externaltools.gnu-tools-for-stm32.11.3.rel1.win32_1.1.0.202305231506/tools/bin/../lib/gcc/arm-none-eabi/11.3.1/thumb/v7e-m/nofp/crtend.o
LOAD C:/ST/STM32CubeIDE_1.13.1/STM32CubeIDE/plugins/com.st.stm32cube.ide.mcu.externaltools.gnu-tools-for-stm32.11.3.rel1.win32_1.1.0.202305231506/tools/bin/../lib/gcc/arm-none-eabi/11.3.1/thumb/v7e-m/nofp/crtn.o
                0x0000000020008000                _estack = (ORIGIN (RAM1) + LENGTH (RAM1))
                0x0000000000000200                _Min_Heap_Size = 0x200
                0x0000000000000800                _Min_Stack_Size = 0x800

.isr_vector     0x0000000008000000      0x138
                0x0000000008000000                . = ALIGN (0x8)
 *(.isr_vector)
 .isr_vector    0x0000000008000000      0x138 ./Application/User/Startup/startup_stm32wl55jcix.o
                0x0000000008000000                g_pfnVectors
                0x0000000008000138                . = ALIGN (0x8)

.text           0x0000000008000138     0x7be8
                0x0000000008000138                . = ALIGN (0x8)
 *(.text)
 .text          0x0000000008000138       0x40 C:/ST/STM32CubeIDE_1.13.1/STM32CubeIDE/plugins/com.st.stm32cube.ide.mcu.externaltools.gnu-tools-for-stm32.11.3.rel1.win32_1.1.0.202305231506/tools/bin/../lib/gcc/arm-none-eabi/11.3.1/thumb/v7e-m/nofp/crtbegin.o
 .text          0x0000000008000178       0x10 C:/ST/STM32CubeIDE_1.13.1/STM32CubeIDE/plugins/com.st.stm32cube.ide.mcu.externaltools.gnu-tools-for-stm32.11.3.rel1.win32_1.1.0.202305231506/tools/bin/../lib/gcc/arm-none-eabi/11.3.1/../../../../arm-none-eabi/lib/thumb/v7e-m/nofp\libc_nano.a(libc_a-strlen.o)
                0x0000000008000178                strlen
 .text          0x0000000008000188       0x30 C:/ST/STM32CubeIDE_1.13.1/STM32CubeIDE/plugins/com.st.stm32cube.ide.mcu.externaltools.gnu-tools-for-stm32.11.3.rel1.win32_1.1.0.202305231506/tools/bin/../lib/gcc/arm-none-eabi/11.3.1/thumb/v7e-m/nofp\libgcc.a(_aeabi_uldivmod.o)
                0x0000000008000188                __aeabi_uldivmod
 .text          0x00000000080001b8      0x2c8 C:/ST/STM32CubeIDE_1.13.1/STM32CubeIDE/plugins/com.st.stm32cube.ide.mcu.externaltools.gnu-tools-for-stm32.11.3.rel1.win32_1.1.0.202305231506/tools/bin/../lib/gcc/arm-none-eabi/11.3.1/thumb/v7e-m/nofp\libgcc.a(_udivmoddi4.o)
                0x00000000080001b8                __udivmoddi4
 .text          0x0000000008000480        0x4 C:/ST/STM32CubeIDE_1.13.1/STM32CubeIDE/plugins/com.st.stm32cube.ide.mcu.externaltools.gnu-tools-for-stm32.11.3.rel1.win32_1.1.0.202305231506/tools/bin/../lib/gcc/arm-none-eabi/11.3.1/thumb/v7e-m/nofp\libgcc.a(_dvmd_tls.o)
                0x0000000008000480                __aeabi_idiv0
                0x0000000008000480                __aeabi_ldiv0
 *(.text*)
 .text.MX_DMA_Init
                0x0000000008000484       0x42 ./Application/User/Core/dma.o
                0x0000000008000484                MX_DMA_Init
 *fill*         0x00000000080004c6        0x2 
 .text.MX_GPIO_Init
                0x00000000080004c8       0xc0 ./Application/User/Core/gpio.o
                0x00000000080004c8                MX_GPIO_Init
 .text.Error_Handler
                0x0000000008000588        0x4 ./Application/User/Core/main.o
                0x0000000008000588                Error_Handler
 .text.SystemClock_Config
                0x000000000800058c       0x8e ./Application/User/Core/main.o
                0x000000000800058c                SystemClock_Config
 .text.main     0x000000000800061a       0x18 ./Application/User/Core/main.o
                0x000000000800061a                main
 *fill*         0x0000000008000632        0x2 
 .text.MX_RTC_Init
                0x0000000008000634       0x7c ./Application/User/Core/rtc.o
                0x0000000008000634                MX_RTC_Init
 .text.HAL_RTC_MspInit
                0x00000000080006b0       0x80 ./Application/User/Core/rtc.o
                0x00000000080006b0                HAL_RTC_MspInit
 .text.PWR_EnterOffMode
                0x0000000008000730        0x2 ./Application/User/Core/stm32_lpm_if.o
                0x0000000008000730                PWR_EnterOffMode
 .text.PWR_ExitOffMode
                0x0000000008000732        0x2 ./Application/User/Core/stm32_lpm_if.o
                0x0000000008000732                PWR_ExitOffMode
 .text.PWR_EnterStopMode
                0x0000000008000734       0x18 ./Application/User/Core/stm32_lpm_if.o
                0x0000000008000734                PWR_EnterStopMode
 .text.PWR_ExitSleepMode
                0x000000000800074c        0x8 ./Application/User/Core/stm32_lpm_if.o
                0x000000000800074c                PWR_ExitSleepMode
 .text.PWR_ExitStopMode
                0x0000000008000754        0xc ./Application/User/Core/stm32_lpm_if.o
                0x0000000008000754                PWR_ExitStopMode
 .text.PWR_EnterSleepMode
                0x0000000008000760       0x10 ./Application/User/Core/stm32_lpm_if.o
                0x0000000008000760                PWR_EnterSleepMode
 .text.HAL_MspInit
                0x0000000008000770        0x2 ./Application/User/Core/stm32wlxx_hal_msp.o
                0x0000000008000770                HAL_MspInit
 .text.NMI_Handler
                0x0000000008000772        0x2 ./Application/User/Core/stm32wlxx_it.o
                0x0000000008000772                NMI_Handler
 .text.HardFault_Handler
                0x0000000008000774        0x2 ./Application/User/Core/stm32wlxx_it.o
                0x0000000008000774                HardFault_Handler
 .text.MemManage_Handler
                0x0000000008000776        0x2 ./Application/User/Core/stm32wlxx_it.o
                0x0000000008000776                MemManage_Handler
 .text.BusFault_Handler
                0x0000000008000778        0x2 ./Application/User/Core/stm32wlxx_it.o
                0x0000000008000778                BusFault_Handler
 .text.UsageFault_Handler
                0x000000000800077a        0x2 ./Application/User/Core/stm32wlxx_it.o
                0x000000000800077a                UsageFault_Handler
 .text.SVC_Handler
                0x000000000800077c        0x2 ./Application/User/Core/stm32wlxx_it.o
                0x000000000800077c                SVC_Handler
 .text.DebugMon_Handler
                0x000000000800077e        0x2 ./Application/User/Core/stm32wlxx_it.o
                0x000000000800077e                DebugMon_Handler
 .text.PendSV_Handler
                0x0000000008000780        0x2 ./Application/User/Core/stm32wlxx_it.o
                0x0000000008000780                PendSV_Handler
 .text.SysTick_Handler
                0x0000000008000782        0x2 ./Application/User/Core/stm32wlxx_it.o
                0x0000000008000782                SysTick_Handler
 .text.TAMP_STAMP_LSECSS_SSRU_IRQHandler
                0x0000000008000784       0x10 ./Application/User/Core/stm32wlxx_it.o
                0x0000000008000784                TAMP_STAMP_LSECSS_SSRU_IRQHandler
 .text.DMA1_Channel5_IRQHandler
                0x0000000008000794       0x10 ./Application/User/Core/stm32wlxx_it.o
                0x0000000008000794                DMA1_Channel5_IRQHandler
 .text.USART2_IRQHandler
                0x00000000080007a4       0x10 ./Application/User/Core/stm32wlxx_it.o
                0x00000000080007a4                USART2_IRQHandler
 .text.RTC_Alarm_IRQHandler
                0x00000000080007b4       0x10 ./Application/User/Core/stm32wlxx_it.o
                0x00000000080007b4                RTC_Alarm_IRQHandler
 .text.SUBGHZ_Radio_IRQHandler
                0x00000000080007c4       0x10 ./Application/User/Core/stm32wlxx_it.o
                0x00000000080007c4                SUBGHZ_Radio_IRQHandler
 .text.MX_SUBGHZ_Init
                0x00000000080007d4       0x1c ./Application/User/Core/subghz.o
                0x00000000080007d4                MX_SUBGHZ_Init
 .text.HAL_SUBGHZ_MspInit
                0x00000000080007f0       0x30 ./Application/User/Core/subghz.o
                0x00000000080007f0                HAL_SUBGHZ_MspInit
 .text.tiny_snprintf_like
                0x0000000008000820       0x1c ./Application/User/Core/sys_app.o
 .text.TimestampNow
                0x000000000800083c       0x30 ./Application/User/Core/sys_app.o
 .text.SystemApp_Init
                0x000000000800086c       0x44 ./Application/User/Core/sys_app.o
                0x000000000800086c                SystemApp_Init
 .text.UTIL_SEQ_Idle
                0x00000000080008b0        0x8 ./Application/User/Core/sys_app.o
                0x00000000080008b0                UTIL_SEQ_Idle
 .text.UTIL_ADV_TRACE_PreSendHook
                0x00000000080008b8        0xc ./Application/User/Core/sys_app.o
                0x00000000080008b8                UTIL_ADV_TRACE_PreSendHook
 .text.UTIL_ADV_TRACE_PostSendHook
                0x00000000080008c4        0xc ./Application/User/Core/sys_app.o
                0x00000000080008c4                UTIL_ADV_TRACE_PostSendHook
 .text.HAL_InitTick
                0x00000000080008d0        0x4 ./Application/User/Core/sys_app.o
                0x00000000080008d0                HAL_InitTick
 .text.HAL_GetTick
                0x00000000080008d4       0x18 ./Application/User/Core/sys_app.o
                0x00000000080008d4                HAL_GetTick
 .text.HAL_Delay
                0x00000000080008ec       0x12 ./Application/User/Core/sys_app.o
                0x00000000080008ec                HAL_Delay
 *fill*         0x00000000080008fe        0x2 
 .text.DBG_Init
                0x0000000008000900       0x88 ./Application/User/Core/sys_debug.o
                0x0000000008000900                DBG_Init
 .text.TIMER_IF_SetTimerContext
                0x0000000008000988       0x24 ./Application/User/Core/timer_if.o
                0x0000000008000988                TIMER_IF_SetTimerContext
 .text.TIMER_IF_GetTimerContext
                0x00000000080009ac        0xc ./Application/User/Core/timer_if.o
                0x00000000080009ac                TIMER_IF_GetTimerContext
 .text.TIMER_IF_GetTimerElapsedTime
                0x00000000080009b8       0x24 ./Application/User/Core/timer_if.o
                0x00000000080009b8                TIMER_IF_GetTimerElapsedTime
 .text.TIMER_IF_GetTimerValue
                0x00000000080009dc       0x28 ./Application/User/Core/timer_if.o
                0x00000000080009dc                TIMER_IF_GetTimerValue
 .text.TIMER_IF_GetMinimumTimeout
                0x0000000008000a04        0x4 ./Application/User/Core/timer_if.o
                0x0000000008000a04                TIMER_IF_GetMinimumTimeout
 .text.TIMER_IF_Convert_ms2Tick
                0x0000000008000a08       0x14 ./Application/User/Core/timer_if.o
                0x0000000008000a08                TIMER_IF_Convert_ms2Tick
 .text.TIMER_IF_Convert_Tick2ms
                0x0000000008000a1c       0x28 ./Application/User/Core/timer_if.o
                0x0000000008000a1c                TIMER_IF_Convert_Tick2ms
 .text.TIMER_IF_StopTimer
                0x0000000008000a44       0x28 ./Application/User/Core/timer_if.o
                0x0000000008000a44                TIMER_IF_StopTimer
 .text.TIMER_IF_BkUp_Write_MSBticks
                0x0000000008000a6c       0x14 ./Application/User/Core/timer_if.o
 .text.TIMER_IF_Init
                0x0000000008000a80       0x48 ./Application/User/Core/timer_if.o
                0x0000000008000a80                TIMER_IF_Init
 .text.TIMER_IF_BkUp_Write_Seconds
                0x0000000008000ac8       0x14 ./Application/User/Core/timer_if.o
                0x0000000008000ac8                TIMER_IF_BkUp_Write_Seconds
 .text.TIMER_IF_BkUp_Write_SubSeconds
                0x0000000008000adc       0x14 ./Application/User/Core/timer_if.o
                0x0000000008000adc                TIMER_IF_BkUp_Write_SubSeconds
 .text.TIMER_IF_StartTimer
                0x0000000008000af0       0x50 ./Application/User/Core/timer_if.o
                0x0000000008000af0                TIMER_IF_StartTimer
 .text.TIMER_IF_BkUp_Read_MSBticks
                0x0000000008000b40       0x10 ./Application/User/Core/timer_if.o
 .text.TIMER_IF_GetTime
                0x0000000008000b50       0x38 ./Application/User/Core/timer_if.o
                0x0000000008000b50                TIMER_IF_GetTime
 .text.TIMER_IF_BkUp_Read_Seconds
                0x0000000008000b88       0x10 ./Application/User/Core/timer_if.o
                0x0000000008000b88                TIMER_IF_BkUp_Read_Seconds
 .text.TIMER_IF_BkUp_Read_SubSeconds
                0x0000000008000b98       0x10 ./Application/User/Core/timer_if.o
                0x0000000008000b98                TIMER_IF_BkUp_Read_SubSeconds
 .text.TIMER_IF_DelayMs
                0x0000000008000ba8       0x40 ./Application/User/Core/timer_if.o
                0x0000000008000ba8                TIMER_IF_DelayMs
 .text.HAL_RTC_AlarmAEventCallback
                0x0000000008000be8        0x8 ./Application/User/Core/timer_if.o
                0x0000000008000be8                HAL_RTC_AlarmAEventCallback
 .text.HAL_RTCEx_SSRUEventCallback
                0x0000000008000bf0        0xe ./Application/User/Core/timer_if.o
                0x0000000008000bf0                HAL_RTCEx_SSRUEventCallback
 *fill*         0x0000000008000bfe        0x2 
 .text.MX_USART2_UART_Init
                0x0000000008000c00       0x68 ./Application/User/Core/usart.o
                0x0000000008000c00                MX_USART2_UART_Init
 .text.HAL_UART_MspInit
                0x0000000008000c68       0xe4 ./Application/User/Core/usart.o
                0x0000000008000c68                HAL_UART_MspInit
 .text.HAL_UART_MspDeInit
                0x0000000008000d4c       0x38 ./Application/User/Core/usart.o
                0x0000000008000d4c                HAL_UART_MspDeInit
 .text.vcom_Init
                0x0000000008000d84       0x28 ./Application/User/Core/usart_if.o
                0x0000000008000d84                vcom_Init
 .text.vcom_DeInit
                0x0000000008000dac       0x2c ./Application/User/Core/usart_if.o
                0x0000000008000dac                vcom_DeInit
 .text.vcom_Trace_DMA
                0x0000000008000dd8       0x14 ./Application/User/Core/usart_if.o
                0x0000000008000dd8                vcom_Trace_DMA
 .text.vcom_ReceiveInit
                0x0000000008000dec       0x5c ./Application/User/Core/usart_if.o
                0x0000000008000dec                vcom_ReceiveInit
 .text.vcom_Resume
                0x0000000008000e48       0x28 ./Application/User/Core/usart_if.o
                0x0000000008000e48                vcom_Resume
 .text.HAL_UART_TxCpltCallback
                0x0000000008000e70       0x20 ./Application/User/Core/usart_if.o
                0x0000000008000e70                HAL_UART_TxCpltCallback
 .text.HAL_UART_RxCpltCallback
                0x0000000008000e90       0x38 ./Application/User/Core/usart_if.o
                0x0000000008000e90                HAL_UART_RxCpltCallback
 .text.Reset_Handler
                0x0000000008000ec8       0x50 ./Application/User/Startup/startup_stm32wl55jcix.o
                0x0000000008000ec8                Reset_Handler
 .text.Default_Handler
                0x0000000008000f18        0x2 ./Application/User/Startup/startup_stm32wl55jcix.o
                0x0000000008000f18                EXTI2_IRQHandler
                0x0000000008000f18                TIM1_CC_IRQHandler
                0x0000000008000f18                EXTI3_IRQHandler
                0x0000000008000f18                LPTIM2_IRQHandler
                0x0000000008000f18                I2C3_ER_IRQHandler
                0x0000000008000f18                LPTIM3_IRQHandler
                0x0000000008000f18                EXTI0_IRQHandler
                0x0000000008000f18                I2C2_EV_IRQHandler
                0x0000000008000f18                SPI1_IRQHandler
                0x0000000008000f18                DMA2_Channel2_IRQHandler
                0x0000000008000f18                DMA1_Channel4_IRQHandler
                0x0000000008000f18                PKA_IRQHandler
                0x0000000008000f18                TIM17_IRQHandler
                0x0000000008000f18                DMA1_Channel7_IRQHandler
                0x0000000008000f18                SUBGHZSPI_IRQHandler
                0x0000000008000f18                IPCC_C1_TX_IRQHandler
                0x0000000008000f18                DMA2_Channel1_IRQHandler
                0x0000000008000f18                I2C1_EV_IRQHandler
                0x0000000008000f18                DMAMUX1_OVR_IRQHandler
                0x0000000008000f18                DMA1_Channel6_IRQHandler
                0x0000000008000f18                TIM16_IRQHandler
                0x0000000008000f18                DMA2_Channel4_IRQHandler
                0x0000000008000f18                RCC_IRQHandler
                0x0000000008000f18                TIM1_TRG_COM_IRQHandler
                0x0000000008000f18                DMA1_Channel1_IRQHandler
                0x0000000008000f18                Default_Handler
                0x0000000008000f18                DMA2_Channel7_IRQHandler
                0x0000000008000f18                EXTI15_10_IRQHandler
                0x0000000008000f18                IPCC_C1_RX_IRQHandler
                0x0000000008000f18                ADC_IRQHandler
                0x0000000008000f18                C2SEV_PWR_C2H_IRQHandler
                0x0000000008000f18                I2C3_EV_IRQHandler
                0x0000000008000f18                EXTI9_5_IRQHandler
                0x0000000008000f18                RTC_WKUP_IRQHandler
                0x0000000008000f18                PVD_PVM_IRQHandler
                0x0000000008000f18                SPI2_IRQHandler
                0x0000000008000f18                DMA2_Channel5_IRQHandler
                0x0000000008000f18                EXTI4_IRQHandler
                0x0000000008000f18                RNG_IRQHandler
                0x0000000008000f18                DMA1_Channel3_IRQHandler
                0x0000000008000f18                COMP_IRQHandler
                0x0000000008000f18                HSEM_IRQHandler
                0x0000000008000f18                TIM1_UP_IRQHandler
                0x0000000008000f18                WWDG_IRQHandler
                0x0000000008000f18                LPUART1_IRQHandler
                0x0000000008000f18                DMA2_Channel6_IRQHandler
                0x0000000008000f18                TIM2_IRQHandler
                0x0000000008000f18                TIM1_BRK_IRQHandler
                0x0000000008000f18                DAC_IRQHandler
                0x0000000008000f18                EXTI1_IRQHandler
                0x0000000008000f18                AES_IRQHandler
                0x0000000008000f18                I2C2_ER_IRQHandler
                0x0000000008000f18                DMA1_Channel2_IRQHandler
                0x0000000008000f18                FLASH_IRQHandler
                0x0000000008000f18                USART1_IRQHandler
                0x0000000008000f18                I2C1_ER_IRQHandler
                0x0000000008000f18                LPTIM1_IRQHandler
                0x0000000008000f18                DMA2_Channel3_IRQHandler
 .text.MX_SubGHz_Phy_Init
                0x0000000008000f1a        0xc ./Application/User/SubGHz_Phy/App/app_subghz_phy.o
                0x0000000008000f1a                MX_SubGHz_Phy_Init
 .text.MX_SubGHz_Phy_Process
                0x0000000008000f26        0xc ./Application/User/SubGHz_Phy/App/app_subghz_phy.o
                0x0000000008000f26                MX_SubGHz_Phy_Process
 *fill*         0x0000000008000f32        0x2 
 .text.OnledEvent
                0x0000000008000f34       0x28 ./Application/User/SubGHz_Phy/App/subghz_phy_app.o
 .text.PingPong_Process
                0x0000000008000f5c      0x220 ./Application/User/SubGHz_Phy/App/subghz_phy_app.o
 .text.OnRxError
                0x000000000800117c       0x28 ./Application/User/SubGHz_Phy/App/subghz_phy_app.o
 .text.OnRxTimeout
                0x00000000080011a4       0x24 ./Application/User/SubGHz_Phy/App/subghz_phy_app.o
 .text.OnTxTimeout
                0x00000000080011c8       0x28 ./Application/User/SubGHz_Phy/App/subghz_phy_app.o
 .text.OnRxDone
                0x00000000080011f0       0xdc ./Application/User/SubGHz_Phy/App/subghz_phy_app.o
 .text.OnTxDone
                0x00000000080012cc       0x28 ./Application/User/SubGHz_Phy/App/subghz_phy_app.o
 .text.SubghzApp_Init
                0x00000000080012f4      0x19c ./Application/User/SubGHz_Phy/App/subghz_phy_app.o
                0x00000000080012f4                SubghzApp_Init
 .text.RBI_Init
                0x0000000008001490        0x8 ./Application/User/SubGHz_Phy/Target/radio_board_if.o
                0x0000000008001490                RBI_Init
 .text.RBI_ConfigRFSwitch
                0x0000000008001498        0x8 ./Application/User/SubGHz_Phy/Target/radio_board_if.o
                0x0000000008001498                RBI_ConfigRFSwitch
 .text.RBI_GetTxConfig
                0x00000000080014a0        0x8 ./Application/User/SubGHz_Phy/Target/radio_board_if.o
                0x00000000080014a0                RBI_GetTxConfig
 .text.RBI_IsTCXO
                0x00000000080014a8        0x8 ./Application/User/SubGHz_Phy/Target/radio_board_if.o
                0x00000000080014a8                RBI_IsTCXO
 .text.RBI_IsDCDC
                0x00000000080014b0        0x8 ./Application/User/SubGHz_Phy/Target/radio_board_if.o
                0x00000000080014b0                RBI_IsDCDC
 .text.RBI_GetRFOMaxPowerConfig
                0x00000000080014b8        0x8 ./Application/User/SubGHz_Phy/Target/radio_board_if.o
                0x00000000080014b8                RBI_GetRFOMaxPowerConfig
 .text.BSP_RADIO_Init
                0x00000000080014c0       0x84 ./Drivers/BSP/STM32WLxx_Nucleo/stm32wlxx_nucleo_radio.o
                0x00000000080014c0                BSP_RADIO_Init
 .text.BSP_RADIO_ConfigRFSwitch
                0x0000000008001544       0x9c ./Drivers/BSP/STM32WLxx_Nucleo/stm32wlxx_nucleo_radio.o
                0x0000000008001544                BSP_RADIO_ConfigRFSwitch
 .text.BSP_RADIO_GetTxConfig
                0x00000000080015e0        0x4 ./Drivers/BSP/STM32WLxx_Nucleo/stm32wlxx_nucleo_radio.o
                0x00000000080015e0                BSP_RADIO_GetTxConfig
 .text.BSP_RADIO_IsTCXO
                0x00000000080015e4        0x4 ./Drivers/BSP/STM32WLxx_Nucleo/stm32wlxx_nucleo_radio.o
                0x00000000080015e4                BSP_RADIO_IsTCXO
 .text.BSP_RADIO_IsDCDC
                0x00000000080015e8        0x4 ./Drivers/BSP/STM32WLxx_Nucleo/stm32wlxx_nucleo_radio.o
                0x00000000080015e8                BSP_RADIO_IsDCDC
 .text.BSP_RADIO_GetRFOMaxPowerConfig
                0x00000000080015ec        0xa ./Drivers/BSP/STM32WLxx_Nucleo/stm32wlxx_nucleo_radio.o
                0x00000000080015ec                BSP_RADIO_GetRFOMaxPowerConfig
 .text.SystemInit
                0x00000000080015f6        0x2 ./Drivers/CMSIS/system_stm32wlxx.o
                0x00000000080015f6                SystemInit
 .text.HAL_Init
                0x00000000080015f8       0x2c ./Drivers/STM32WLxx_HAL_Driver/stm32wlxx_hal.o
                0x00000000080015f8                HAL_Init
 .text.HAL_SuspendTick
                0x0000000008001624        0xe ./Drivers/STM32WLxx_HAL_Driver/stm32wlxx_hal.o
                0x0000000008001624                HAL_SuspendTick
 .text.HAL_ResumeTick
                0x0000000008001632        0xe ./Drivers/STM32WLxx_HAL_Driver/stm32wlxx_hal.o
                0x0000000008001632                HAL_ResumeTick
 .text.HAL_DBGMCU_DisableDBGSleepMode
                0x0000000008001640       0x10 ./Drivers/STM32WLxx_HAL_Driver/stm32wlxx_hal.o
                0x0000000008001640                HAL_DBGMCU_DisableDBGSleepMode
 .text.HAL_DBGMCU_DisableDBGStopMode
                0x0000000008001650       0x10 ./Drivers/STM32WLxx_HAL_Driver/stm32wlxx_hal.o
                0x0000000008001650                HAL_DBGMCU_DisableDBGStopMode
 .text.HAL_DBGMCU_DisableDBGStandbyMode
                0x0000000008001660       0x10 ./Drivers/STM32WLxx_HAL_Driver/stm32wlxx_hal.o
                0x0000000008001660                HAL_DBGMCU_DisableDBGStandbyMode
 .text.HAL_NVIC_SetPriorityGrouping
                0x0000000008001670       0x24 ./Drivers/STM32WLxx_HAL_Driver/stm32wlxx_hal_cortex.o
                0x0000000008001670                HAL_NVIC_SetPriorityGrouping
 .text.HAL_NVIC_SetPriority
                0x0000000008001694       0x70 ./Drivers/STM32WLxx_HAL_Driver/stm32wlxx_hal_cortex.o
                0x0000000008001694                HAL_NVIC_SetPriority
 .text.HAL_NVIC_EnableIRQ
                0x0000000008001704       0x1c ./Drivers/STM32WLxx_HAL_Driver/stm32wlxx_hal_cortex.o
                0x0000000008001704                HAL_NVIC_EnableIRQ
 .text.HAL_NVIC_DisableIRQ
                0x0000000008001720       0x24 ./Drivers/STM32WLxx_HAL_Driver/stm32wlxx_hal_cortex.o
                0x0000000008001720                HAL_NVIC_DisableIRQ
 .text.DMA_SetConfig
                0x0000000008001744       0x4e ./Drivers/STM32WLxx_HAL_Driver/stm32wlxx_hal_dma.o
 *fill*         0x0000000008001792        0x2 
 .text.DMA_CalcDMAMUXChannelBaseAndMask
                0x0000000008001794       0x64 ./Drivers/STM32WLxx_HAL_Driver/stm32wlxx_hal_dma.o
 .text.DMA_CalcDMAMUXRequestGenBaseAndMask
                0x00000000080017f8       0x2c ./Drivers/STM32WLxx_HAL_Driver/stm32wlxx_hal_dma.o
 .text.HAL_DMA_Init
                0x0000000008001824       0xe4 ./Drivers/STM32WLxx_HAL_Driver/stm32wlxx_hal_dma.o
                0x0000000008001824                HAL_DMA_Init
 .text.HAL_DMA_DeInit
                0x0000000008001908       0xb8 ./Drivers/STM32WLxx_HAL_Driver/stm32wlxx_hal_dma.o
                0x0000000008001908                HAL_DMA_DeInit
 .text.HAL_DMA_Start_IT
                0x00000000080019c0       0x98 ./Drivers/STM32WLxx_HAL_Driver/stm32wlxx_hal_dma.o
                0x00000000080019c0                HAL_DMA_Start_IT
 .text.HAL_DMA_Abort
                0x0000000008001a58       0x74 ./Drivers/STM32WLxx_HAL_Driver/stm32wlxx_hal_dma.o
                0x0000000008001a58                HAL_DMA_Abort
 .text.HAL_DMA_Abort_IT
                0x0000000008001acc       0x72 ./Drivers/STM32WLxx_HAL_Driver/stm32wlxx_hal_dma.o
                0x0000000008001acc                HAL_DMA_Abort_IT
 *fill*         0x0000000008001b3e        0x2 
 .text.HAL_DMA_IRQHandler
                0x0000000008001b40       0xe8 ./Drivers/STM32WLxx_HAL_Driver/stm32wlxx_hal_dma.o
                0x0000000008001b40                HAL_DMA_IRQHandler
 .text.HAL_DMA_ConfigChannelAttributes
                0x0000000008001c28       0x26 ./Drivers/STM32WLxx_HAL_Driver/stm32wlxx_hal_dma.o
                0x0000000008001c28                HAL_DMA_ConfigChannelAttributes
 *fill*         0x0000000008001c4e        0x2 
 .text.HAL_GPIO_Init
                0x0000000008001c50      0x1a4 ./Drivers/STM32WLxx_HAL_Driver/stm32wlxx_hal_gpio.o
                0x0000000008001c50                HAL_GPIO_Init
 .text.HAL_GPIO_DeInit
                0x0000000008001df4       0xfc ./Drivers/STM32WLxx_HAL_Driver/stm32wlxx_hal_gpio.o
                0x0000000008001df4                HAL_GPIO_DeInit
 .text.HAL_GPIO_WritePin
                0x0000000008001ef0        0xa ./Drivers/STM32WLxx_HAL_Driver/stm32wlxx_hal_gpio.o
                0x0000000008001ef0                HAL_GPIO_WritePin
 .text.HAL_GPIO_TogglePin
                0x0000000008001efa       0x12 ./Drivers/STM32WLxx_HAL_Driver/stm32wlxx_hal_gpio.o
                0x0000000008001efa                HAL_GPIO_TogglePin
 .text.HAL_PWR_EnableBkUpAccess
                0x0000000008001f0c       0x10 ./Drivers/STM32WLxx_HAL_Driver/stm32wlxx_hal_pwr.o
                0x0000000008001f0c                HAL_PWR_EnableBkUpAccess
 .text.HAL_PWR_EnterSLEEPMode
                0x0000000008001f1c       0x4c ./Drivers/STM32WLxx_HAL_Driver/stm32wlxx_hal_pwr.o
                0x0000000008001f1c                HAL_PWR_EnterSLEEPMode
 .text.HAL_PWREx_GetVoltageRange
                0x0000000008001f68       0x10 ./Drivers/STM32WLxx_HAL_Driver/stm32wlxx_hal_pwr_ex.o
                0x0000000008001f68                HAL_PWREx_GetVoltageRange
 .text.HAL_PWREx_EnableLowPowerRunMode
                0x0000000008001f78       0x10 ./Drivers/STM32WLxx_HAL_Driver/stm32wlxx_hal_pwr_ex.o
                0x0000000008001f78                HAL_PWREx_EnableLowPowerRunMode
 .text.HAL_PWREx_DisableLowPowerRunMode
                0x0000000008001f88       0x4c ./Drivers/STM32WLxx_HAL_Driver/stm32wlxx_hal_pwr_ex.o
                0x0000000008001f88                HAL_PWREx_DisableLowPowerRunMode
 .text.HAL_PWREx_EnterSTOP2Mode
                0x0000000008001fd4       0x3c ./Drivers/STM32WLxx_HAL_Driver/stm32wlxx_hal_pwr_ex.o
                0x0000000008001fd4                HAL_PWREx_EnterSTOP2Mode
 .text.RCC_SetFlashLatency
                0x0000000008002010       0xbc ./Drivers/STM32WLxx_HAL_Driver/stm32wlxx_hal_rcc.o
 .text.RCC_SetFlashLatencyFromMSIRange
                0x00000000080020cc       0x44 ./Drivers/STM32WLxx_HAL_Driver/stm32wlxx_hal_rcc.o
 .text.HAL_RCC_GetSysClockFreq
                0x0000000008002110      0x110 ./Drivers/STM32WLxx_HAL_Driver/stm32wlxx_hal_rcc.o
                0x0000000008002110                HAL_RCC_GetSysClockFreq
 .text.HAL_RCC_GetHCLKFreq
                0x0000000008002220       0x20 ./Drivers/STM32WLxx_HAL_Driver/stm32wlxx_hal_rcc.o
                0x0000000008002220                HAL_RCC_GetHCLKFreq
 .text.HAL_RCC_OscConfig
                0x0000000008002240      0x664 ./Drivers/STM32WLxx_HAL_Driver/stm32wlxx_hal_rcc.o
                0x0000000008002240                HAL_RCC_OscConfig
 .text.HAL_RCC_ClockConfig
                0x00000000080028a4      0x268 ./Drivers/STM32WLxx_HAL_Driver/stm32wlxx_hal_rcc.o
                0x00000000080028a4                HAL_RCC_ClockConfig
 .text.HAL_RCC_GetPCLK1Freq
                0x0000000008002b0c       0x20 ./Drivers/STM32WLxx_HAL_Driver/stm32wlxx_hal_rcc.o
                0x0000000008002b0c                HAL_RCC_GetPCLK1Freq
 .text.HAL_RCC_GetPCLK2Freq
                0x0000000008002b2c       0x20 ./Drivers/STM32WLxx_HAL_Driver/stm32wlxx_hal_rcc.o
                0x0000000008002b2c                HAL_RCC_GetPCLK2Freq
 .text.HAL_RCCEx_PeriphCLKConfig
                0x0000000008002b4c      0x294 ./Drivers/STM32WLxx_HAL_Driver/stm32wlxx_hal_rcc_ex.o
                0x0000000008002b4c                HAL_RCCEx_PeriphCLKConfig
 .text.HAL_RTC_DeactivateAlarm
                0x0000000008002de0       0x80 ./Drivers/STM32WLxx_HAL_Driver/stm32wlxx_hal_rtc.o
                0x0000000008002de0                HAL_RTC_DeactivateAlarm
 .text.HAL_RTC_AlarmIRQHandler
                0x0000000008002e60       0x40 ./Drivers/STM32WLxx_HAL_Driver/stm32wlxx_hal_rtc.o
                0x0000000008002e60                HAL_RTC_AlarmIRQHandler
 .text.HAL_RTC_WaitForSynchro
                0x0000000008002ea0       0x34 ./Drivers/STM32WLxx_HAL_Driver/stm32wlxx_hal_rtc.o
                0x0000000008002ea0                HAL_RTC_WaitForSynchro
 .text.RTC_EnterInitMode
                0x0000000008002ed4       0x4c ./Drivers/STM32WLxx_HAL_Driver/stm32wlxx_hal_rtc.o
                0x0000000008002ed4                RTC_EnterInitMode
 .text.RTC_ExitInitMode
                0x0000000008002f20       0x4c ./Drivers/STM32WLxx_HAL_Driver/stm32wlxx_hal_rtc.o
                0x0000000008002f20                RTC_ExitInitMode
 .text.HAL_RTC_Init
                0x0000000008002f6c       0xb4 ./Drivers/STM32WLxx_HAL_Driver/stm32wlxx_hal_rtc.o
                0x0000000008002f6c                HAL_RTC_Init
 .text.RTC_ByteToBcd2
                0x0000000008003020       0x16 ./Drivers/STM32WLxx_HAL_Driver/stm32wlxx_hal_rtc.o
                0x0000000008003020                RTC_ByteToBcd2
 *fill*         0x0000000008003036        0x2 
 .text.HAL_RTC_SetAlarm_IT
                0x0000000008003038      0x178 ./Drivers/STM32WLxx_HAL_Driver/stm32wlxx_hal_rtc.o
                0x0000000008003038                HAL_RTC_SetAlarm_IT
 .text.HAL_RTCEx_EnableBypassShadow
                0x00000000080031b0       0x40 ./Drivers/STM32WLxx_HAL_Driver/stm32wlxx_hal_rtc_ex.o
                0x00000000080031b0                HAL_RTCEx_EnableBypassShadow
 .text.HAL_RTCEx_SetSSRU_IT
                0x00000000080031f0       0x58 ./Drivers/STM32WLxx_HAL_Driver/stm32wlxx_hal_rtc_ex.o
                0x00000000080031f0                HAL_RTCEx_SetSSRU_IT
 .text.HAL_RTCEx_SSRUIRQHandler
                0x0000000008003248       0x28 ./Drivers/STM32WLxx_HAL_Driver/stm32wlxx_hal_rtc_ex.o
                0x0000000008003248                HAL_RTCEx_SSRUIRQHandler
 .text.HAL_RTCEx_AlarmBEventCallback
                0x0000000008003270        0x2 ./Drivers/STM32WLxx_HAL_Driver/stm32wlxx_hal_rtc_ex.o
                0x0000000008003270                HAL_RTCEx_AlarmBEventCallback
 .text.HAL_RTCEx_BKUPWrite
                0x0000000008003272        0xe ./Drivers/STM32WLxx_HAL_Driver/stm32wlxx_hal_rtc_ex.o
                0x0000000008003272                HAL_RTCEx_BKUPWrite
 .text.HAL_RTCEx_BKUPRead
                0x0000000008003280        0xe ./Drivers/STM32WLxx_HAL_Driver/stm32wlxx_hal_rtc_ex.o
                0x0000000008003280                HAL_RTCEx_BKUPRead
 *fill*         0x000000000800328e        0x2 
 .text.SUBGHZSPI_Init
                0x0000000008003290       0x24 ./Drivers/STM32WLxx_HAL_Driver/stm32wlxx_hal_subghz.o
                0x0000000008003290                SUBGHZSPI_Init
 .text.HAL_SUBGHZ_Init
                0x00000000080032b4       0xcc ./Drivers/STM32WLxx_HAL_Driver/stm32wlxx_hal_subghz.o
                0x00000000080032b4                HAL_SUBGHZ_Init
 .text.SUBGHZSPI_Transmit
                0x0000000008003380       0x78 ./Drivers/STM32WLxx_HAL_Driver/stm32wlxx_hal_subghz.o
                0x0000000008003380                SUBGHZSPI_Transmit
 .text.SUBGHZSPI_Receive
                0x00000000080033f8       0x80 ./Drivers/STM32WLxx_HAL_Driver/stm32wlxx_hal_subghz.o
                0x00000000080033f8                SUBGHZSPI_Receive
 .text.SUBGHZ_WaitOnBusy
                0x0000000008003478       0x58 ./Drivers/STM32WLxx_HAL_Driver/stm32wlxx_hal_subghz.o
                0x0000000008003478                SUBGHZ_WaitOnBusy
 .text.SUBGHZ_CheckDeviceReady
                0x00000000080034d0       0x54 ./Drivers/STM32WLxx_HAL_Driver/stm32wlxx_hal_subghz.o
                0x00000000080034d0                SUBGHZ_CheckDeviceReady
 .text.HAL_SUBGHZ_WriteRegisters
                0x0000000008003524       0xa0 ./Drivers/STM32WLxx_HAL_Driver/stm32wlxx_hal_subghz.o
                0x0000000008003524                HAL_SUBGHZ_WriteRegisters
 .text.HAL_SUBGHZ_ReadRegisters
                0x00000000080035c4       0xa8 ./Drivers/STM32WLxx_HAL_Driver/stm32wlxx_hal_subghz.o
                0x00000000080035c4                HAL_SUBGHZ_ReadRegisters
 .text.HAL_SUBGHZ_ExecSetCmd
                0x000000000800366c       0xac ./Drivers/STM32WLxx_HAL_Driver/stm32wlxx_hal_subghz.o
                0x000000000800366c                HAL_SUBGHZ_ExecSetCmd
 .text.HAL_SUBGHZ_ExecGetCmd
                0x0000000008003718       0x98 ./Drivers/STM32WLxx_HAL_Driver/stm32wlxx_hal_subghz.o
                0x0000000008003718                HAL_SUBGHZ_ExecGetCmd
 .text.HAL_SUBGHZ_IRQHandler
                0x00000000080037b0       0xce ./Drivers/STM32WLxx_HAL_Driver/stm32wlxx_hal_subghz.o
                0x00000000080037b0                HAL_SUBGHZ_IRQHandler
 *fill*         0x000000000800387e        0x2 
 .text.HAL_SUBGHZ_WriteBuffer
                0x0000000008003880       0x94 ./Drivers/STM32WLxx_HAL_Driver/stm32wlxx_hal_subghz.o
                0x0000000008003880                HAL_SUBGHZ_WriteBuffer
 .text.HAL_SUBGHZ_ReadBuffer
                0x0000000008003914       0xa0 ./Drivers/STM32WLxx_HAL_Driver/stm32wlxx_hal_subghz.o
                0x0000000008003914                HAL_SUBGHZ_ReadBuffer
 .text.UART_EndTxTransfer
                0x00000000080039b4       0x32 ./Drivers/STM32WLxx_HAL_Driver/stm32wlxx_hal_uart.o
 .text.UART_EndRxTransfer
                0x00000000080039e6       0x56 ./Drivers/STM32WLxx_HAL_Driver/stm32wlxx_hal_uart.o
 .text.HAL_UART_Transmit_DMA
                0x0000000008003a3c       0xa0 ./Drivers/STM32WLxx_HAL_Driver/stm32wlxx_hal_uart.o
                0x0000000008003a3c                HAL_UART_Transmit_DMA
 .text.UART_DMATransmitCplt
                0x0000000008003adc       0x48 ./Drivers/STM32WLxx_HAL_Driver/stm32wlxx_hal_uart.o
 .text.UART_EndTransmit_IT
                0x0000000008003b24       0x24 ./Drivers/STM32WLxx_HAL_Driver/stm32wlxx_hal_uart.o
 .text.HAL_UART_TxHalfCpltCallback
                0x0000000008003b48        0x2 ./Drivers/STM32WLxx_HAL_Driver/stm32wlxx_hal_uart.o
                0x0000000008003b48                HAL_UART_TxHalfCpltCallback
 .text.UART_DMATxHalfCplt
                0x0000000008003b4a        0xa ./Drivers/STM32WLxx_HAL_Driver/stm32wlxx_hal_uart.o
 .text.HAL_UART_ErrorCallback
                0x0000000008003b54        0x2 ./Drivers/STM32WLxx_HAL_Driver/stm32wlxx_hal_uart.o
                0x0000000008003b54                HAL_UART_ErrorCallback
 .text.UART_DMAError
                0x0000000008003b56       0x58 ./Drivers/STM32WLxx_HAL_Driver/stm32wlxx_hal_uart.o
 .text.UART_DMAAbortOnError
                0x0000000008003bae       0x14 ./Drivers/STM32WLxx_HAL_Driver/stm32wlxx_hal_uart.o
 .text.HAL_UARTEx_RxEventCallback
                0x0000000008003bc2        0x2 ./Drivers/STM32WLxx_HAL_Driver/stm32wlxx_hal_uart.o
                0x0000000008003bc2                HAL_UARTEx_RxEventCallback
 .text.HAL_UART_IRQHandler
                0x0000000008003bc4      0x348 ./Drivers/STM32WLxx_HAL_Driver/stm32wlxx_hal_uart.o
                0x0000000008003bc4                HAL_UART_IRQHandler
 .text.UART_RxISR_8BIT
                0x0000000008003f0c       0xdc ./Drivers/STM32WLxx_HAL_Driver/stm32wlxx_hal_uart.o
 .text.UART_RxISR_16BIT
                0x0000000008003fe8       0xd8 ./Drivers/STM32WLxx_HAL_Driver/stm32wlxx_hal_uart.o
 .text.UART_RxISR_8BIT_FIFOEN
                0x00000000080040c0      0x1cc ./Drivers/STM32WLxx_HAL_Driver/stm32wlxx_hal_uart.o
 .text.UART_RxISR_16BIT_FIFOEN
                0x000000000800428c      0x1c8 ./Drivers/STM32WLxx_HAL_Driver/stm32wlxx_hal_uart.o
 .text.UART_SetConfig
                0x0000000008004454      0x2cc ./Drivers/STM32WLxx_HAL_Driver/stm32wlxx_hal_uart.o
                0x0000000008004454                UART_SetConfig
 .text.UART_AdvFeatureConfig
                0x0000000008004720       0xca ./Drivers/STM32WLxx_HAL_Driver/stm32wlxx_hal_uart.o
                0x0000000008004720                UART_AdvFeatureConfig
 .text.UART_WaitOnFlagUntilTimeout
                0x00000000080047ea       0xd8 ./Drivers/STM32WLxx_HAL_Driver/stm32wlxx_hal_uart.o
                0x00000000080047ea                UART_WaitOnFlagUntilTimeout
 .text.UART_CheckIdleState
                0x00000000080048c2       0x76 ./Drivers/STM32WLxx_HAL_Driver/stm32wlxx_hal_uart.o
                0x00000000080048c2                UART_CheckIdleState
 .text.HAL_UART_Init
                0x0000000008004938       0x66 ./Drivers/STM32WLxx_HAL_Driver/stm32wlxx_hal_uart.o
                0x0000000008004938                HAL_UART_Init
 *fill*         0x000000000800499e        0x2 
 .text.UART_Start_Receive_IT
                0x00000000080049a0      0x13c ./Drivers/STM32WLxx_HAL_Driver/stm32wlxx_hal_uart.o
                0x00000000080049a0                UART_Start_Receive_IT
 .text.HAL_UART_Receive_IT
                0x0000000008004adc       0x4c ./Drivers/STM32WLxx_HAL_Driver/stm32wlxx_hal_uart.o
                0x0000000008004adc                HAL_UART_Receive_IT
 .text.UARTEx_Wakeup_AddressConfig
                0x0000000008004b28       0x2e ./Drivers/STM32WLxx_HAL_Driver/stm32wlxx_hal_uart_ex.o
 *fill*         0x0000000008004b56        0x2 
 .text.UARTEx_SetNbDataToProcess
                0x0000000008004b58       0x4c ./Drivers/STM32WLxx_HAL_Driver/stm32wlxx_hal_uart_ex.o
 .text.HAL_UARTEx_WakeupCallback
                0x0000000008004ba4        0x2 ./Drivers/STM32WLxx_HAL_Driver/stm32wlxx_hal_uart_ex.o
                0x0000000008004ba4                HAL_UARTEx_WakeupCallback
 .text.HAL_UARTEx_RxFifoFullCallback
                0x0000000008004ba6        0x2 ./Drivers/STM32WLxx_HAL_Driver/stm32wlxx_hal_uart_ex.o
                0x0000000008004ba6                HAL_UARTEx_RxFifoFullCallback
 .text.HAL_UARTEx_TxFifoEmptyCallback
                0x0000000008004ba8        0x2 ./Drivers/STM32WLxx_HAL_Driver/stm32wlxx_hal_uart_ex.o
                0x0000000008004ba8                HAL_UARTEx_TxFifoEmptyCallback
 .text.HAL_UARTEx_StopModeWakeUpSourceConfig
                0x0000000008004baa       0x82 ./Drivers/STM32WLxx_HAL_Driver/stm32wlxx_hal_uart_ex.o
                0x0000000008004baa                HAL_UARTEx_StopModeWakeUpSourceConfig
 .text.HAL_UARTEx_EnableStopMode
                0x0000000008004c2c       0x2e ./Drivers/STM32WLxx_HAL_Driver/stm32wlxx_hal_uart_ex.o
                0x0000000008004c2c                HAL_UARTEx_EnableStopMode
 .text.HAL_UARTEx_EnableFifoMode
                0x0000000008004c5a       0x48 ./Drivers/STM32WLxx_HAL_Driver/stm32wlxx_hal_uart_ex.o
                0x0000000008004c5a                HAL_UARTEx_EnableFifoMode
 .text.HAL_UARTEx_SetTxFifoThreshold
                0x0000000008004ca2       0x4a ./Drivers/STM32WLxx_HAL_Driver/stm32wlxx_hal_uart_ex.o
                0x0000000008004ca2                HAL_UARTEx_SetTxFifoThreshold
 .text.HAL_UARTEx_SetRxFifoThreshold
                0x0000000008004cec       0x4a ./Drivers/STM32WLxx_HAL_Driver/stm32wlxx_hal_uart_ex.o
                0x0000000008004cec                HAL_UARTEx_SetRxFifoThreshold
 .text.RadioCheckRfFrequency
                0x0000000008004d36        0x4 ./Middlewares/SubGHz_Phy/radio.o
 *fill*         0x0000000008004d3a        0x2 
 .text.RadioGetLoRaBandwidthInHz
                0x0000000008004d3c       0x5c ./Middlewares/SubGHz_Phy/radio.o
 .text.RadioGetGfskTimeOnAirNumerator
                0x0000000008004d98       0x26 ./Middlewares/SubGHz_Phy/radio.o
 .text.RadioGetLoRaTimeOnAirNumerator
                0x0000000008004dbe       0xa2 ./Middlewares/SubGHz_Phy/radio.o
 .text.RadioTimeOnAir
                0x0000000008004e60       0x74 ./Middlewares/SubGHz_Phy/radio.o
 .text.RadioOnTxTimeoutProcess
                0x0000000008004ed4       0x20 ./Middlewares/SubGHz_Phy/radio.o
 .text.RadioOnTxTimeoutIrq
                0x0000000008004ef4        0x8 ./Middlewares/SubGHz_Phy/radio.o
 .text.RadioOnRxTimeoutProcess
                0x0000000008004efc       0x20 ./Middlewares/SubGHz_Phy/radio.o
 .text.RadioOnRxTimeoutIrq
                0x0000000008004f1c        0x8 ./Middlewares/SubGHz_Phy/radio.o
 .text.payload_integration
                0x0000000008004f24       0xaa ./Middlewares/SubGHz_Phy/radio.o
 .text.RadioLrFhssSetCfg
                0x0000000008004fce        0x4 ./Middlewares/SubGHz_Phy/radio.o
 .text.RadioLrFhssGetTimeOnAirInMs
                0x0000000008004fd2        0x4 ./Middlewares/SubGHz_Phy/radio.o
 *fill*         0x0000000008004fd6        0x2 
 .text.RadioSetMaxPayloadLength
                0x0000000008004fd8       0x38 ./Middlewares/SubGHz_Phy/radio.o
 .text.RadioRead
                0x0000000008005010        0x8 ./Middlewares/SubGHz_Phy/radio.o
 .text.RadioWrite
                0x0000000008005018        0x8 ./Middlewares/SubGHz_Phy/radio.o
 .text.RadioTxCw
                0x0000000008005020       0x20 ./Middlewares/SubGHz_Phy/radio.o
 .text.RadioTxPrbs
                0x0000000008005040       0x2c ./Middlewares/SubGHz_Phy/radio.o
 .text.RadioSetRxDutyCycle
                0x000000000800506c       0x34 ./Middlewares/SubGHz_Phy/radio.o
 .text.RadioRxBoosted
                0x00000000080050a0       0x70 ./Middlewares/SubGHz_Phy/radio.o
 .text.RadioStandby
                0x0000000008005110        0xa ./Middlewares/SubGHz_Phy/radio.o
 .text.RadioGetStatus
                0x000000000800511a       0x22 ./Middlewares/SubGHz_Phy/radio.o
 .text.RadioIrqProcess
                0x000000000800513c      0x348 ./Middlewares/SubGHz_Phy/radio.o
 .text.RadioOnDioIrq
                0x0000000008005484       0x14 ./Middlewares/SubGHz_Phy/radio.o
 .text.RadioGetWakeupTime
                0x0000000008005498        0xa ./Middlewares/SubGHz_Phy/radio.o
 .text.RadioReadRegisters
                0x00000000080054a2        0x8 ./Middlewares/SubGHz_Phy/radio.o
 .text.RadioWriteRegisters
                0x00000000080054aa        0x8 ./Middlewares/SubGHz_Phy/radio.o
 .text.RadioRssi
                0x00000000080054b2        0xa ./Middlewares/SubGHz_Phy/radio.o
 .text.RadioSetTxContinuousWave
                0x00000000080054bc       0x44 ./Middlewares/SubGHz_Phy/radio.o
 .text.RadioSetChannel
                0x0000000008005500        0x8 ./Middlewares/SubGHz_Phy/radio.o
 .text.RadioStartCad
                0x0000000008005508       0x28 ./Middlewares/SubGHz_Phy/radio.o
 .text.RadioRx  0x0000000008005530       0x70 ./Middlewares/SubGHz_Phy/radio.o
 .text.RadioSleep
                0x00000000080055a0       0x12 ./Middlewares/SubGHz_Phy/radio.o
 *fill*         0x00000000080055b2        0x2 
 .text.RadioSend
                0x00000000080055b4      0x1a4 ./Middlewares/SubGHz_Phy/radio.o
 .text.RadioRandom
                0x0000000008005758       0x14 ./Middlewares/SubGHz_Phy/radio.o
 .text.RadioSetModem
                0x000000000800576c       0x7c ./Middlewares/SubGHz_Phy/radio.o
 .text.RadioSetTxGenericConfig
                0x00000000080057e8      0x310 ./Middlewares/SubGHz_Phy/radio.o
 .text.RadioSetRxGenericConfig
                0x0000000008005af8      0x27c ./Middlewares/SubGHz_Phy/radio.o
 .text.RadioSetPublicNetwork
                0x0000000008005d74       0x44 ./Middlewares/SubGHz_Phy/radio.o
 .text.RadioSetTxConfig
                0x0000000008005db8      0x1ac ./Middlewares/SubGHz_Phy/radio.o
 .text.RadioSetRxConfig
                0x0000000008005f64      0x2f8 ./Middlewares/SubGHz_Phy/radio.o
 .text.RadioIsChannelFree
                0x000000000800625c       0x7c ./Middlewares/SubGHz_Phy/radio.o
 .text.RadioInit
                0x00000000080062d8       0x98 ./Middlewares/SubGHz_Phy/radio.o
 .text.SUBGRF_GetOperatingMode
                0x0000000008006370        0xc ./Middlewares/SubGHz_Phy/radio_driver.o
                0x0000000008006370                SUBGRF_GetOperatingMode
 .text.SUBGRF_GetPacketType
                0x000000000800637c        0xc ./Middlewares/SubGHz_Phy/radio_driver.o
                0x000000000800637c                SUBGRF_GetPacketType
 .text.SUBGRF_WriteRegister
                0x0000000008006388       0x20 ./Middlewares/SubGHz_Phy/radio_driver.o
                0x0000000008006388                SUBGRF_WriteRegister
 .text.SUBGRF_ReadRegister
                0x00000000080063a8       0x20 ./Middlewares/SubGHz_Phy/radio_driver.o
                0x00000000080063a8                SUBGRF_ReadRegister
 .text.Radio_SMPS_Set
                0x00000000080063c8       0x26 ./Middlewares/SubGHz_Phy/radio_driver.o
 .text.SUBGRF_SetWhiteningSeed
                0x00000000080063ee       0x32 ./Middlewares/SubGHz_Phy/radio_driver.o
                0x00000000080063ee                SUBGRF_SetWhiteningSeed
 .text.SUBGRF_WriteRegisters
                0x0000000008006420       0x20 ./Middlewares/SubGHz_Phy/radio_driver.o
                0x0000000008006420                SUBGRF_WriteRegisters
 .text.SUBGRF_SetSyncWord
                0x0000000008006440       0x12 ./Middlewares/SubGHz_Phy/radio_driver.o
                0x0000000008006440                SUBGRF_SetSyncWord
 .text.SUBGRF_SetCrcSeed
                0x0000000008006452       0x28 ./Middlewares/SubGHz_Phy/radio_driver.o
                0x0000000008006452                SUBGRF_SetCrcSeed
 .text.SUBGRF_SetCrcPolynomial
                0x000000000800647a       0x28 ./Middlewares/SubGHz_Phy/radio_driver.o
                0x000000000800647a                SUBGRF_SetCrcPolynomial
 *fill*         0x00000000080064a2        0x2 
 .text.SUBGRF_ReadRegisters
                0x00000000080064a4       0x20 ./Middlewares/SubGHz_Phy/radio_driver.o
                0x00000000080064a4                SUBGRF_ReadRegisters
 .text.SUBGRF_WriteBuffer
                0x00000000080064c4       0x20 ./Middlewares/SubGHz_Phy/radio_driver.o
                0x00000000080064c4                SUBGRF_WriteBuffer
 .text.SUBGRF_SetPayload
                0x00000000080064e4        0xe ./Middlewares/SubGHz_Phy/radio_driver.o
                0x00000000080064e4                SUBGRF_SetPayload
 *fill*         0x00000000080064f2        0x2 
 .text.SUBGRF_ReadBuffer
                0x00000000080064f4       0x20 ./Middlewares/SubGHz_Phy/radio_driver.o
                0x00000000080064f4                SUBGRF_ReadBuffer
 .text.SUBGRF_WriteCommand
                0x0000000008006514       0x20 ./Middlewares/SubGHz_Phy/radio_driver.o
                0x0000000008006514                SUBGRF_WriteCommand
 .text.SUBGRF_SetSleep
                0x0000000008006534       0x40 ./Middlewares/SubGHz_Phy/radio_driver.o
                0x0000000008006534                SUBGRF_SetSleep
 .text.SUBGRF_SetStandby
                0x0000000008006574       0x34 ./Middlewares/SubGHz_Phy/radio_driver.o
                0x0000000008006574                SUBGRF_SetStandby
 .text.SUBGRF_SetTx
                0x00000000080065a8       0x34 ./Middlewares/SubGHz_Phy/radio_driver.o
                0x00000000080065a8                SUBGRF_SetTx
 .text.SUBGRF_SendPayload
                0x00000000080065dc       0x10 ./Middlewares/SubGHz_Phy/radio_driver.o
                0x00000000080065dc                SUBGRF_SendPayload
 .text.SUBGRF_SetRx
                0x00000000080065ec       0x34 ./Middlewares/SubGHz_Phy/radio_driver.o
                0x00000000080065ec                SUBGRF_SetRx
 .text.SUBGRF_GetRandom
                0x0000000008006620       0x6a ./Middlewares/SubGHz_Phy/radio_driver.o
                0x0000000008006620                SUBGRF_GetRandom
 *fill*         0x000000000800668a        0x2 
 .text.SUBGRF_SetRxBoosted
                0x000000000800668c       0x3c ./Middlewares/SubGHz_Phy/radio_driver.o
                0x000000000800668c                SUBGRF_SetRxBoosted
 .text.SUBGRF_SetRxDutyCycle
                0x00000000080066c8       0x48 ./Middlewares/SubGHz_Phy/radio_driver.o
                0x00000000080066c8                SUBGRF_SetRxDutyCycle
 .text.SUBGRF_SetCad
                0x0000000008006710       0x18 ./Middlewares/SubGHz_Phy/radio_driver.o
                0x0000000008006710                SUBGRF_SetCad
 .text.SUBGRF_SetTxContinuousWave
                0x0000000008006728        0xe ./Middlewares/SubGHz_Phy/radio_driver.o
                0x0000000008006728                SUBGRF_SetTxContinuousWave
 .text.SUBGRF_SetTxInfinitePreamble
                0x0000000008006736        0xe ./Middlewares/SubGHz_Phy/radio_driver.o
                0x0000000008006736                SUBGRF_SetTxInfinitePreamble
 .text.SUBGRF_SetStopRxTimerOnPreambleDetect
                0x0000000008006744       0x1a ./Middlewares/SubGHz_Phy/radio_driver.o
                0x0000000008006744                SUBGRF_SetStopRxTimerOnPreambleDetect
 .text.SUBGRF_SetLoRaSymbNumTimeout
                0x000000000800675e       0x42 ./Middlewares/SubGHz_Phy/radio_driver.o
                0x000000000800675e                SUBGRF_SetLoRaSymbNumTimeout
 .text.SUBGRF_SetRegulatorMode
                0x00000000080067a0       0x2c ./Middlewares/SubGHz_Phy/radio_driver.o
                0x00000000080067a0                SUBGRF_SetRegulatorMode
 .text.SUBGRF_Calibrate
                0x00000000080067cc       0x42 ./Middlewares/SubGHz_Phy/radio_driver.o
                0x00000000080067cc                SUBGRF_Calibrate
 *fill*         0x000000000800680e        0x2 
 .text.SUBGRF_CalibrateImage
                0x0000000008006810       0x98 ./Middlewares/SubGHz_Phy/radio_driver.o
                0x0000000008006810                SUBGRF_CalibrateImage
 .text.SUBGRF_SetPaConfig
                0x00000000080068a8       0x26 ./Middlewares/SubGHz_Phy/radio_driver.o
                0x00000000080068a8                SUBGRF_SetPaConfig
 .text.SUBGRF_SetDioIrqParams
                0x00000000080068ce       0x3e ./Middlewares/SubGHz_Phy/radio_driver.o
                0x00000000080068ce                SUBGRF_SetDioIrqParams
 .text.SUBGRF_SetTcxoMode
                0x000000000800690c       0x32 ./Middlewares/SubGHz_Phy/radio_driver.o
                0x000000000800690c                SUBGRF_SetTcxoMode
 *fill*         0x000000000800693e        0x2 
 .text.SUBGRF_Init
                0x0000000008006940       0x74 ./Middlewares/SubGHz_Phy/radio_driver.o
                0x0000000008006940                SUBGRF_Init
 .text.SUBGRF_SetRfFrequency
                0x00000000080069b4       0x58 ./Middlewares/SubGHz_Phy/radio_driver.o
                0x00000000080069b4                SUBGRF_SetRfFrequency
 .text.SUBGRF_SetPacketType
                0x0000000008006a0c       0x34 ./Middlewares/SubGHz_Phy/radio_driver.o
                0x0000000008006a0c                SUBGRF_SetPacketType
 .text.SUBGRF_SetTxParams
                0x0000000008006a40      0x11a ./Middlewares/SubGHz_Phy/radio_driver.o
                0x0000000008006a40                SUBGRF_SetTxParams
 *fill*         0x0000000008006b5a        0x2 
 .text.SUBGRF_SetModulationParams
                0x0000000008006b5c      0x110 ./Middlewares/SubGHz_Phy/radio_driver.o
                0x0000000008006b5c                SUBGRF_SetModulationParams
 .text.SUBGRF_SetPacketParams
                0x0000000008006c6c       0xe4 ./Middlewares/SubGHz_Phy/radio_driver.o
                0x0000000008006c6c                SUBGRF_SetPacketParams
 .text.SUBGRF_SetBufferBaseAddress
                0x0000000008006d50       0x1c ./Middlewares/SubGHz_Phy/radio_driver.o
                0x0000000008006d50                SUBGRF_SetBufferBaseAddress
 .text.SUBGRF_ReadCommand
                0x0000000008006d6c       0x20 ./Middlewares/SubGHz_Phy/radio_driver.o
                0x0000000008006d6c                SUBGRF_ReadCommand
 .text.SUBGRF_GetRssiInst
                0x0000000008006d8c       0x1c ./Middlewares/SubGHz_Phy/radio_driver.o
                0x0000000008006d8c                SUBGRF_GetRssiInst
 .text.SUBGRF_GetRxBufferStatus
                0x0000000008006da8       0x44 ./Middlewares/SubGHz_Phy/radio_driver.o
                0x0000000008006da8                SUBGRF_GetRxBufferStatus
 .text.SUBGRF_GetPayload
                0x0000000008006dec       0x34 ./Middlewares/SubGHz_Phy/radio_driver.o
                0x0000000008006dec                SUBGRF_GetPayload
 .text.SUBGRF_GetPacketStatus
                0x0000000008006e20       0x78 ./Middlewares/SubGHz_Phy/radio_driver.o
                0x0000000008006e20                SUBGRF_GetPacketStatus
 .text.SUBGRF_SetSwitch
                0x0000000008006e98       0x28 ./Middlewares/SubGHz_Phy/radio_driver.o
                0x0000000008006e98                SUBGRF_SetSwitch
 .text.SUBGRF_SetRfTxPower
                0x0000000008006ec0       0x2e ./Middlewares/SubGHz_Phy/radio_driver.o
                0x0000000008006ec0                SUBGRF_SetRfTxPower
 .text.SUBGRF_GetRadioWakeUpTime
                0x0000000008006eee        0x4 ./Middlewares/SubGHz_Phy/radio_driver.o
                0x0000000008006eee                SUBGRF_GetRadioWakeUpTime
 *fill*         0x0000000008006ef2        0x2 
 .text.HAL_SUBGHZ_TxCpltCallback
                0x0000000008006ef4       0x10 ./Middlewares/SubGHz_Phy/radio_driver.o
                0x0000000008006ef4                HAL_SUBGHZ_TxCpltCallback
 .text.HAL_SUBGHZ_RxCpltCallback
                0x0000000008006f04       0x10 ./Middlewares/SubGHz_Phy/radio_driver.o
                0x0000000008006f04                HAL_SUBGHZ_RxCpltCallback
 .text.HAL_SUBGHZ_CRCErrorCallback
                0x0000000008006f14       0x10 ./Middlewares/SubGHz_Phy/radio_driver.o
                0x0000000008006f14                HAL_SUBGHZ_CRCErrorCallback
 .text.HAL_SUBGHZ_CADStatusCallback
                0x0000000008006f24       0x24 ./Middlewares/SubGHz_Phy/radio_driver.o
                0x0000000008006f24                HAL_SUBGHZ_CADStatusCallback
 .text.HAL_SUBGHZ_RxTxTimeoutCallback
                0x0000000008006f48       0x14 ./Middlewares/SubGHz_Phy/radio_driver.o
                0x0000000008006f48                HAL_SUBGHZ_RxTxTimeoutCallback
 .text.HAL_SUBGHZ_HeaderErrorCallback
                0x0000000008006f5c       0x10 ./Middlewares/SubGHz_Phy/radio_driver.o
                0x0000000008006f5c                HAL_SUBGHZ_HeaderErrorCallback
 .text.HAL_SUBGHZ_PreambleDetectedCallback
                0x0000000008006f6c       0x10 ./Middlewares/SubGHz_Phy/radio_driver.o
                0x0000000008006f6c                HAL_SUBGHZ_PreambleDetectedCallback
 .text.HAL_SUBGHZ_SyncWordValidCallback
                0x0000000008006f7c       0x10 ./Middlewares/SubGHz_Phy/radio_driver.o
                0x0000000008006f7c                HAL_SUBGHZ_SyncWordValidCallback
 .text.HAL_SUBGHZ_HeaderValidCallback
                0x0000000008006f8c       0x10 ./Middlewares/SubGHz_Phy/radio_driver.o
                0x0000000008006f8c                HAL_SUBGHZ_HeaderValidCallback
 .text.HAL_SUBGHZ_LrFhssHopCallback
                0x0000000008006f9c       0x14 ./Middlewares/SubGHz_Phy/radio_driver.o
                0x0000000008006f9c                HAL_SUBGHZ_LrFhssHopCallback
 .text.SUBGRF_GetFskBandwidthRegValue
                0x0000000008006fb0       0x30 ./Middlewares/SubGHz_Phy/radio_driver.o
                0x0000000008006fb0                SUBGRF_GetFskBandwidthRegValue
 .text.SUBGRF_GetCFO
                0x0000000008006fe0       0x88 ./Middlewares/SubGHz_Phy/radio_driver.o
                0x0000000008006fe0                SUBGRF_GetCFO
 .text.RFW_TransmitLongPacket
                0x0000000008007068        0x6 ./Middlewares/SubGHz_Phy/radio_fw.o
                0x0000000008007068                RFW_TransmitLongPacket
 .text.RFW_ReceiveLongPacket
                0x000000000800706e        0x6 ./Middlewares/SubGHz_Phy/radio_fw.o
                0x000000000800706e                RFW_ReceiveLongPacket
 .text.RFW_Init
                0x0000000008007074        0x6 ./Middlewares/SubGHz_Phy/radio_fw.o
                0x0000000008007074                RFW_Init
 .text.RFW_DeInit
                0x000000000800707a        0x2 ./Middlewares/SubGHz_Phy/radio_fw.o
                0x000000000800707a                RFW_DeInit
 .text.RFW_Is_Init
                0x000000000800707c        0x4 ./Middlewares/SubGHz_Phy/radio_fw.o
                0x000000000800707c                RFW_Is_Init
 .text.RFW_Is_LongPacketModeEnabled
                0x0000000008007080        0x4 ./Middlewares/SubGHz_Phy/radio_fw.o
                0x0000000008007080                RFW_Is_LongPacketModeEnabled
 .text.RFW_SetAntSwitch
                0x0000000008007084        0x2 ./Middlewares/SubGHz_Phy/radio_fw.o
                0x0000000008007084                RFW_SetAntSwitch
 .text.RFW_TransmitInit
                0x0000000008007086        0x6 ./Middlewares/SubGHz_Phy/radio_fw.o
                0x0000000008007086                RFW_TransmitInit
 .text.RFW_ReceiveInit
                0x000000000800708c        0x6 ./Middlewares/SubGHz_Phy/radio_fw.o
                0x000000000800708c                RFW_ReceiveInit
 .text.RFW_DeInit_TxLongPacket
                0x0000000008007092        0x2 ./Middlewares/SubGHz_Phy/radio_fw.o
                0x0000000008007092                RFW_DeInit_TxLongPacket
 .text.RFW_ReceivePayload
                0x0000000008007094        0x2 ./Middlewares/SubGHz_Phy/radio_fw.o
                0x0000000008007094                RFW_ReceivePayload
 .text.RFW_SetRadioModem
                0x0000000008007096        0x2 ./Middlewares/SubGHz_Phy/radio_fw.o
                0x0000000008007096                RFW_SetRadioModem
 .text.TRACE_AllocateBufer
                0x0000000008007098       0x88 ./Utilities/stm32_adv_trace.o
 .text.TRACE_Lock
                0x0000000008007120       0x18 ./Utilities/stm32_adv_trace.o
 .text.TRACE_UnLock
                0x0000000008007138       0x18 ./Utilities/stm32_adv_trace.o
 .text.TRACE_IsLocked
                0x0000000008007150       0x10 ./Utilities/stm32_adv_trace.o
 .text.UTIL_ADV_TRACE_Init
                0x0000000008007160       0x34 ./Utilities/stm32_adv_trace.o
                0x0000000008007160                UTIL_ADV_TRACE_Init
 .text.UTIL_ADV_TRACE_RegisterTimeStampFunction
                0x0000000008007194        0xc ./Utilities/stm32_adv_trace.o
                0x0000000008007194                UTIL_ADV_TRACE_RegisterTimeStampFunction
 .text.UTIL_ADV_TRACE_SetVerboseLevel
                0x00000000080071a0        0xc ./Utilities/stm32_adv_trace.o
                0x00000000080071a0                UTIL_ADV_TRACE_SetVerboseLevel
 .text.TRACE_Send
                0x00000000080071ac       0x9c ./Utilities/stm32_adv_trace.o
 .text.UTIL_ADV_TRACE_COND_FSend
                0x0000000008007248       0xc8 ./Utilities/stm32_adv_trace.o
                0x0000000008007248                UTIL_ADV_TRACE_COND_FSend
 .text.TRACE_TxCpltCallback
                0x0000000008007310       0xb0 ./Utilities/stm32_adv_trace.o
 .text.UTIL_LPM_Init
                0x00000000080073c0       0x14 ./Utilities/stm32_lpm.o
                0x00000000080073c0                UTIL_LPM_Init
 .text.UTIL_LPM_SetStopMode
                0x00000000080073d4       0x2c ./Utilities/stm32_lpm.o
                0x00000000080073d4                UTIL_LPM_SetStopMode
 .text.UTIL_LPM_SetOffMode
                0x0000000008007400       0x2c ./Utilities/stm32_lpm.o
                0x0000000008007400                UTIL_LPM_SetOffMode
 .text.UTIL_LPM_EnterLowPower
                0x000000000800742c       0x48 ./Utilities/stm32_lpm.o
                0x000000000800742c                UTIL_LPM_EnterLowPower
 .text.UTIL_MEM_cpy_8
                0x0000000008007474       0x16 ./Utilities/stm32_mem.o
                0x0000000008007474                UTIL_MEM_cpy_8
 .text.UTIL_MEM_set_8
                0x000000000800748a       0x12 ./Utilities/stm32_mem.o
                0x000000000800748a                UTIL_MEM_set_8
 .text.UTIL_SEQ_SetTask
                0x000000000800749c       0x28 ./Utilities/stm32_seq.o
                0x000000000800749c                UTIL_SEQ_SetTask
 .text.UTIL_SEQ_PreIdle
                0x00000000080074c4        0x2 ./Utilities/stm32_seq.o
                0x00000000080074c4                UTIL_SEQ_PreIdle
 .text.UTIL_SEQ_PostIdle
                0x00000000080074c6        0x2 ./Utilities/stm32_seq.o
                0x00000000080074c6                UTIL_SEQ_PostIdle
 .text.SEQ_BitPosition
                0x00000000080074c8       0x3c ./Utilities/stm32_seq.o
                0x00000000080074c8                SEQ_BitPosition
 .text.UTIL_SEQ_Run
                0x0000000008007504      0x12c ./Utilities/stm32_seq.o
                0x0000000008007504                UTIL_SEQ_Run
 .text.UTIL_SEQ_RegTask
                0x0000000008007630       0x20 ./Utilities/stm32_seq.o
                0x0000000008007630                UTIL_SEQ_RegTask
 .text.SysTimeAdd
                0x0000000008007650       0x3e ./Utilities/stm32_systime.o
                0x0000000008007650                SysTimeAdd
 *fill*         0x000000000800768e        0x2 
 .text.SysTimeGet
                0x0000000008007690       0x44 ./Utilities/stm32_systime.o
                0x0000000008007690                SysTimeGet
 .text.UTIL_TIMER_Init
                0x00000000080076d4       0x18 ./Utilities/stm32_timer.o
                0x00000000080076d4                UTIL_TIMER_Init
 .text.UTIL_TIMER_Create
                0x00000000080076ec       0x3c ./Utilities/stm32_timer.o
                0x00000000080076ec                UTIL_TIMER_Create
 .text.UTIL_TIMER_GetCurrentTime
                0x0000000008007728       0x14 ./Utilities/stm32_timer.o
                0x0000000008007728                UTIL_TIMER_GetCurrentTime
 .text.UTIL_TIMER_GetElapsedTime
                0x000000000800773c       0x20 ./Utilities/stm32_timer.o
                0x000000000800773c                UTIL_TIMER_GetElapsedTime
 .text.TimerExists
                0x000000000800775c       0x1c ./Utilities/stm32_timer.o
                0x000000000800775c                TimerExists
 .text.TimerSetTimeout
                0x0000000008007778       0x30 ./Utilities/stm32_timer.o
                0x0000000008007778                TimerSetTimeout
 .text.UTIL_TIMER_Stop
                0x00000000080077a8       0x6c ./Utilities/stm32_timer.o
                0x00000000080077a8                UTIL_TIMER_Stop
 .text.TimerInsertTimer
                0x0000000008007814       0x2c ./Utilities/stm32_timer.o
                0x0000000008007814                TimerInsertTimer
 .text.TimerInsertNewHeadTimer
                0x0000000008007840       0x1c ./Utilities/stm32_timer.o
                0x0000000008007840                TimerInsertNewHeadTimer
 .text.UTIL_TIMER_Start
                0x000000000800785c       0x8c ./Utilities/stm32_timer.o
                0x000000000800785c                UTIL_TIMER_Start
 .text.UTIL_TIMER_SetPeriod
                0x00000000080078e8       0x34 ./Utilities/stm32_timer.o
                0x00000000080078e8                UTIL_TIMER_SetPeriod
 .text.UTIL_TIMER_IRQ_Handler
                0x000000000800791c       0x8c ./Utilities/stm32_timer.o
                0x000000000800791c                UTIL_TIMER_IRQ_Handler
 .text.ee_skip_atoi
                0x00000000080079a8       0x26 ./Utilities/stm32_tiny_vsnprintf.o
 *fill*         0x00000000080079ce        0x2 
 .text.ee_number
                0x00000000080079d0      0x114 ./Utilities/stm32_tiny_vsnprintf.o
 .text.tiny_vsnprintf_like
                0x0000000008007ae4      0x188 ./Utilities/stm32_tiny_vsnprintf.o
                0x0000000008007ae4                tiny_vsnprintf_like
 .text.memset   0x0000000008007c6c       0x10 C:/ST/STM32CubeIDE_1.13.1/STM32CubeIDE/plugins/com.st.stm32cube.ide.mcu.externaltools.gnu-tools-for-stm32.11.3.rel1.win32_1.1.0.202305231506/tools/bin/../lib/gcc/arm-none-eabi/11.3.1/../../../../arm-none-eabi/lib/thumb/v7e-m/nofp\libc_nano.a(libc_a-memset.o)
                0x0000000008007c6c                memset
 .text.strncmp  0x0000000008007c7c       0x24 C:/ST/STM32CubeIDE_1.13.1/STM32CubeIDE/plugins/com.st.stm32cube.ide.mcu.externaltools.gnu-tools-for-stm32.11.3.rel1.win32_1.1.0.202305231506/tools/bin/../lib/gcc/arm-none-eabi/11.3.1/../../../../arm-none-eabi/lib/thumb/v7e-m/nofp\libc_nano.a(libc_a-strncmp.o)
                0x0000000008007c7c                strncmp
 .text.__libc_init_array
                0x0000000008007ca0       0x48 C:/ST/STM32CubeIDE_1.13.1/STM32CubeIDE/plugins/com.st.stm32cube.ide.mcu.externaltools.gnu-tools-for-stm32.11.3.rel1.win32_1.1.0.202305231506/tools/bin/../lib/gcc/arm-none-eabi/11.3.1/../../../../arm-none-eabi/lib/thumb/v7e-m/nofp\libc_nano.a(libc_a-init.o)
                0x0000000008007ca0                __libc_init_array
 .text.memcpy   0x0000000008007ce8       0x1c C:/ST/STM32CubeIDE_1.13.1/STM32CubeIDE/plugins/com.st.stm32cube.ide.mcu.externaltools.gnu-tools-for-stm32.11.3.rel1.win32_1.1.0.202305231506/tools/bin/../lib/gcc/arm-none-eabi/11.3.1/../../../../arm-none-eabi/lib/thumb/v7e-m/nofp\libc_nano.a(libc_a-memcpy-stub.o)
                0x0000000008007ce8                memcpy
 *(.glue_7)
 .glue_7        0x0000000008007d04        0x0 linker stubs
 *(.glue_7t)
 .glue_7t       0x0000000008007d04        0x0 linker stubs
 *(.eh_frame)
 .eh_frame      0x0000000008007d04        0x0 C:/ST/STM32CubeIDE_1.13.1/STM32CubeIDE/plugins/com.st.stm32cube.ide.mcu.externaltools.gnu-tools-for-stm32.11.3.rel1.win32_1.1.0.202305231506/tools/bin/../lib/gcc/arm-none-eabi/11.3.1/thumb/v7e-m/nofp/crtbegin.o
 *(.init)
 .init          0x0000000008007d04        0x4 C:/ST/STM32CubeIDE_1.13.1/STM32CubeIDE/plugins/com.st.stm32cube.ide.mcu.externaltools.gnu-tools-for-stm32.11.3.rel1.win32_1.1.0.202305231506/tools/bin/../lib/gcc/arm-none-eabi/11.3.1/thumb/v7e-m/nofp/crti.o
                0x0000000008007d04                _init
 .init          0x0000000008007d08        0x8 C:/ST/STM32CubeIDE_1.13.1/STM32CubeIDE/plugins/com.st.stm32cube.ide.mcu.externaltools.gnu-tools-for-stm32.11.3.rel1.win32_1.1.0.202305231506/tools/bin/../lib/gcc/arm-none-eabi/11.3.1/thumb/v7e-m/nofp/crtn.o
 *(.fini)
 .fini          0x0000000008007d10        0x4 C:/ST/STM32CubeIDE_1.13.1/STM32CubeIDE/plugins/com.st.stm32cube.ide.mcu.externaltools.gnu-tools-for-stm32.11.3.rel1.win32_1.1.0.202305231506/tools/bin/../lib/gcc/arm-none-eabi/11.3.1/thumb/v7e-m/nofp/crti.o
                0x0000000008007d10                _fini
 .fini          0x0000000008007d14        0x8 C:/ST/STM32CubeIDE_1.13.1/STM32CubeIDE/plugins/com.st.stm32cube.ide.mcu.externaltools.gnu-tools-for-stm32.11.3.rel1.win32_1.1.0.202305231506/tools/bin/../lib/gcc/arm-none-eabi/11.3.1/thumb/v7e-m/nofp/crtn.o
                0x0000000008007d20                . = ALIGN (0x8)
 *fill*         0x0000000008007d1c        0x4 
                0x0000000008007d20                _etext = .

.vfp11_veneer   0x0000000008007d20        0x0
 .vfp11_veneer  0x0000000008007d20        0x0 linker stubs

.v4_bx          0x0000000008007d20        0x0
 .v4_bx         0x0000000008007d20        0x0 linker stubs

.iplt           0x0000000008007d20        0x0
 .iplt          0x0000000008007d20        0x0 C:/ST/STM32CubeIDE_1.13.1/STM32CubeIDE/plugins/com.st.stm32cube.ide.mcu.externaltools.gnu-tools-for-stm32.11.3.rel1.win32_1.1.0.202305231506/tools/bin/../lib/gcc/arm-none-eabi/11.3.1/thumb/v7e-m/nofp/crtbegin.o

.rodata         0x0000000008007d20      0x548
                0x0000000008007d20                . = ALIGN (0x8)
 *(.rodata)
 .rodata        0x0000000008007d20       0x1c ./Drivers/STM32WLxx_HAL_Driver/stm32wlxx_hal_rcc.o
 .rodata        0x0000000008007d3c       0x10 ./Middlewares/SubGHz_Phy/radio.o
 .rodata        0x0000000008007d4c       0x11 ./Middlewares/SubGHz_Phy/radio_driver.o
 *(.rodata*)
 *fill*         0x0000000008007d5d        0x3 
 .rodata.UTIL_PowerDriver
                0x0000000008007d60       0x18 ./Application/User/Core/stm32_lpm_if.o
                0x0000000008007d60                UTIL_PowerDriver
 .rodata.TimestampNow.str1.4
                0x0000000008007d78        0x9 ./Application/User/Core/sys_app.o
 *fill*         0x0000000008007d81        0x3 
 .rodata.UTIL_SYSTIMDriver
                0x0000000008007d84       0x14 ./Application/User/Core/timer_if.o
                0x0000000008007d84                UTIL_SYSTIMDriver
 .rodata.UTIL_TimerDriver
                0x0000000008007d98       0x2c ./Application/User/Core/timer_if.o
                0x0000000008007d98                UTIL_TimerDriver
 .rodata.UTIL_TraceDriver
                0x0000000008007dc4       0x10 ./Application/User/Core/usart_if.o
                0x0000000008007dc4                UTIL_TraceDriver
 .rodata.PingPong_Process.str1.4
                0x0000000008007dd4       0x83 ./Application/User/SubGHz_Phy/App/subghz_phy_app.o
 *fill*         0x0000000008007e57        0x1 
 .rodata.OnRxError.str1.4
                0x0000000008007e58        0xc ./Application/User/SubGHz_Phy/App/subghz_phy_app.o
 .rodata.OnRxTimeout.str1.4
                0x0000000008007e64        0xe ./Application/User/SubGHz_Phy/App/subghz_phy_app.o
 *fill*         0x0000000008007e72        0x2 
 .rodata.OnTxTimeout.str1.4
                0x0000000008007e74        0xe ./Application/User/SubGHz_Phy/App/subghz_phy_app.o
 *fill*         0x0000000008007e82        0x2 
 .rodata.OnRxDone.str1.4
                0x0000000008007e84       0x49 ./Application/User/SubGHz_Phy/App/subghz_phy_app.o
                                         0x4f (size before relaxing)
 *fill*         0x0000000008007ecd        0x3 
 .rodata.OnTxDone.str1.4
                0x0000000008007ed0        0xb ./Application/User/SubGHz_Phy/App/subghz_phy_app.o
 *fill*         0x0000000008007edb        0x1 
 .rodata.SubghzApp_Init.str1.4
                0x0000000008007edc       0xae ./Application/User/SubGHz_Phy/App/subghz_phy_app.o
 *fill*         0x0000000008007f8a        0x2 
 .rodata.AHBPrescTable
                0x0000000008007f8c       0x40 ./Drivers/CMSIS/system_stm32wlxx.o
                0x0000000008007f8c                AHBPrescTable
 .rodata.APBPrescTable
                0x0000000008007fcc       0x20 ./Drivers/CMSIS/system_stm32wlxx.o
                0x0000000008007fcc                APBPrescTable
 .rodata.MSIRangeTable
                0x0000000008007fec       0x40 ./Drivers/CMSIS/system_stm32wlxx.o
                0x0000000008007fec                MSIRangeTable
 .rodata.UARTPrescTable
                0x000000000800802c       0x18 ./Drivers/STM32WLxx_HAL_Driver/stm32wlxx_hal_uart.o
                0x000000000800802c                UARTPrescTable
 .rodata.denominator.0
                0x0000000008008044        0x8 ./Drivers/STM32WLxx_HAL_Driver/stm32wlxx_hal_uart_ex.o
 .rodata.numerator.1
                0x000000000800804c        0x8 ./Drivers/STM32WLxx_HAL_Driver/stm32wlxx_hal_uart_ex.o
 .rodata.RadioIrqProcess.str1.4
                0x0000000008008054       0x54 ./Middlewares/SubGHz_Phy/radio.o
 .rodata.RadioSend.str1.4
                0x00000000080080a8       0x15 ./Middlewares/SubGHz_Phy/radio.o
 *fill*         0x00000000080080bd        0x3 
 .rodata.Bandwidths
                0x00000000080080c0        0x3 ./Middlewares/SubGHz_Phy/radio.o
                0x00000000080080c0                Bandwidths
 *fill*         0x00000000080080c3        0x1 
 .rodata.Radio  0x00000000080080c4       0x8c ./Middlewares/SubGHz_Phy/radio.o
                0x00000000080080c4                Radio
 .rodata.FskBandwidths
                0x0000000008008150       0xb0 ./Middlewares/SubGHz_Phy/radio_driver.o
 .rodata.SEQ_clz_table_4bit
                0x0000000008008200       0x10 ./Utilities/stm32_seq.o
                0x0000000008008200                SEQ_clz_table_4bit
 .rodata.ee_number.str1.4
                0x0000000008008210       0x4d ./Utilities/stm32_tiny_vsnprintf.o
 *fill*         0x000000000800825d        0x3 
 .rodata.tiny_vsnprintf_like.str1.4
                0x0000000008008260        0x7 ./Utilities/stm32_tiny_vsnprintf.o
                0x0000000008008268                . = ALIGN (0x8)
 *fill*         0x0000000008008267        0x1 

.ARM.extab      0x0000000008008268        0x0
                0x0000000008008268                . = ALIGN (0x8)
 *(.ARM.extab* .gnu.linkonce.armextab.*)
                0x0000000008008268                . = ALIGN (0x8)

.ARM            0x0000000008008268        0x8
                0x0000000008008268                . = ALIGN (0x8)
                0x0000000008008268                __exidx_start = .
 *(.ARM.exidx*)
 .ARM.exidx     0x0000000008008268        0x8 C:/ST/STM32CubeIDE_1.13.1/STM32CubeIDE/plugins/com.st.stm32cube.ide.mcu.externaltools.gnu-tools-for-stm32.11.3.rel1.win32_1.1.0.202305231506/tools/bin/../lib/gcc/arm-none-eabi/11.3.1/thumb/v7e-m/nofp\libgcc.a(_udivmoddi4.o)
                0x0000000008008270                __exidx_end = .
                0x0000000008008270                . = ALIGN (0x8)

.rel.dyn        0x0000000008008270        0x0
 .rel.iplt      0x0000000008008270        0x0 C:/ST/STM32CubeIDE_1.13.1/STM32CubeIDE/plugins/com.st.stm32cube.ide.mcu.externaltools.gnu-tools-for-stm32.11.3.rel1.win32_1.1.0.202305231506/tools/bin/../lib/gcc/arm-none-eabi/11.3.1/thumb/v7e-m/nofp/crtbegin.o

.preinit_array  0x0000000008008270        0x0
                0x0000000008008270                . = ALIGN (0x8)
                0x0000000008008270                PROVIDE (__preinit_array_start = .)
 *(.preinit_array*)
                0x0000000008008270                PROVIDE (__preinit_array_end = .)
                0x0000000008008270                . = ALIGN (0x8)

.init_array     0x0000000008008270        0x8
                0x0000000008008270                . = ALIGN (0x8)
                0x0000000008008270                PROVIDE (__init_array_start = .)
 *(SORT_BY_NAME(.init_array.*))
 *(.init_array*)
 .init_array    0x0000000008008270        0x4 C:/ST/STM32CubeIDE_1.13.1/STM32CubeIDE/plugins/com.st.stm32cube.ide.mcu.externaltools.gnu-tools-for-stm32.11.3.rel1.win32_1.1.0.202305231506/tools/bin/../lib/gcc/arm-none-eabi/11.3.1/thumb/v7e-m/nofp/crtbegin.o
                0x0000000008008274                PROVIDE (__init_array_end = .)
                0x0000000008008278                . = ALIGN (0x8)
 *fill*         0x0000000008008274        0x4 

.fini_array     0x0000000008008278        0x8
                0x0000000008008278                . = ALIGN (0x8)
                [!provide]                        PROVIDE (__fini_array_start = .)
 *(SORT_BY_NAME(.fini_array.*))
 *(.fini_array*)
 .fini_array    0x0000000008008278        0x4 C:/ST/STM32CubeIDE_1.13.1/STM32CubeIDE/plugins/com.st.stm32cube.ide.mcu.externaltools.gnu-tools-for-stm32.11.3.rel1.win32_1.1.0.202305231506/tools/bin/../lib/gcc/arm-none-eabi/11.3.1/thumb/v7e-m/nofp/crtbegin.o
                [!provide]                        PROVIDE (__fini_array_end = .)
                0x0000000008008280                . = ALIGN (0x8)
 *fill*         0x000000000800827c        0x4 
                0x0000000008008280                _sidata = LOADADDR (.data)

.data           0x0000000020000000       0x18 load address 0x0000000008008280
                0x0000000020000000                . = ALIGN (0x8)
                0x0000000020000000                _sdata = .
 *(.data)
 *(.data*)
 .data.isMaster
                0x0000000020000000        0x1 ./Application/User/SubGHz_Phy/App/subghz_phy_app.o
                0x0000000020000000                isMaster
 *fill*         0x0000000020000001        0x3 
 .data.SystemCoreClock
                0x0000000020000004        0x4 ./Drivers/CMSIS/system_stm32wlxx.o
                0x0000000020000004                SystemCoreClock
 .data.uwTickPrio
                0x0000000020000008        0x4 ./Drivers/STM32WLxx_HAL_Driver/stm32wlxx_hal.o
                0x0000000020000008                uwTickPrio
 .data.MaxPayloadLength
                0x000000002000000c        0x1 ./Middlewares/SubGHz_Phy/radio.o
 *fill*         0x000000002000000d        0x3 
 .data.SuperMask
                0x0000000020000010        0x4 ./Utilities/stm32_seq.o
 .data.TaskMask
                0x0000000020000014        0x4 ./Utilities/stm32_seq.o
 *(.RamFunc)
 *(.RamFunc*)
                0x0000000020000018                . = ALIGN (0x8)
                0x0000000020000018                _edata = .

.igot.plt       0x0000000020000018        0x0 load address 0x0000000008008298
 .igot.plt      0x0000000020000018        0x0 C:/ST/STM32CubeIDE_1.13.1/STM32CubeIDE/plugins/com.st.stm32cube.ide.mcu.externaltools.gnu-tools-for-stm32.11.3.rel1.win32_1.1.0.202305231506/tools/bin/../lib/gcc/arm-none-eabi/11.3.1/thumb/v7e-m/nofp/crtbegin.o
                0x0000000020000018                . = ALIGN (0x8)

.bss            0x0000000020000018      0x888 load address 0x0000000008008298
                0x0000000020000018                _sbss = .
                0x0000000020000018                __bss_start__ = _sbss
 *(.bss)
 .bss           0x0000000020000018       0x1c C:/ST/STM32CubeIDE_1.13.1/STM32CubeIDE/plugins/com.st.stm32cube.ide.mcu.externaltools.gnu-tools-for-stm32.11.3.rel1.win32_1.1.0.202305231506/tools/bin/../lib/gcc/arm-none-eabi/11.3.1/thumb/v7e-m/nofp/crtbegin.o
 *(.bss*)
 .bss.hrtc      0x0000000020000034       0x38 ./Application/User/Core/rtc.o
                0x0000000020000034                hrtc
 .bss.hsubghz   0x000000002000006c        0xc ./Application/User/Core/subghz.o
                0x000000002000006c                hsubghz
 .bss.SYS_TimerInitialisedFlag
                0x0000000020000078        0x1 ./Application/User/Core/sys_app.o
 .bss.RTC_Initialized
                0x0000000020000079        0x1 ./Application/User/Core/timer_if.o
 *fill*         0x000000002000007a        0x2 
 .bss.RtcTimerContext
                0x000000002000007c        0x4 ./Application/User/Core/timer_if.o
 .bss.hdma_usart2_tx
                0x0000000020000080       0x60 ./Application/User/Core/usart.o
                0x0000000020000080                hdma_usart2_tx
 .bss.huart2    0x00000000200000e0       0x94 ./Application/User/Core/usart.o
                0x00000000200000e0                huart2
 .bss.RxCpltCallback
                0x0000000020000174        0x4 ./Application/User/Core/usart_if.o
 .bss.TxCpltCallback
                0x0000000020000178        0x4 ./Application/User/Core/usart_if.o
 .bss.charRx    0x000000002000017c        0x1 ./Application/User/Core/usart_if.o
                0x000000002000017c                charRx
 *fill*         0x000000002000017d        0x3 
 .bss.BufferRx  0x0000000020000180       0xff ./Application/User/SubGHz_Phy/App/subghz_phy_app.o
 *fill*         0x000000002000027f        0x1 
 .bss.BufferTx  0x0000000020000280       0xff ./Application/User/SubGHz_Phy/App/subghz_phy_app.o
 *fill*         0x000000002000037f        0x1 
 .bss.RadioEvents
                0x0000000020000380       0x1c ./Application/User/SubGHz_Phy/App/subghz_phy_app.o
 .bss.RssiValue
                0x000000002000039c        0x1 ./Application/User/SubGHz_Phy/App/subghz_phy_app.o
                0x000000002000039c                RssiValue
 *fill*         0x000000002000039d        0x1 
 .bss.RxBufferSize
                0x000000002000039e        0x2 ./Application/User/SubGHz_Phy/App/subghz_phy_app.o
                0x000000002000039e                RxBufferSize
 .bss.SnrValue  0x00000000200003a0        0x1 ./Application/User/SubGHz_Phy/App/subghz_phy_app.o
                0x00000000200003a0                SnrValue
 .bss.State     0x00000000200003a1        0x1 ./Application/User/SubGHz_Phy/App/subghz_phy_app.o
 *fill*         0x00000000200003a2        0x2 
 .bss.random_delay
                0x00000000200003a4        0x4 ./Application/User/SubGHz_Phy/App/subghz_phy_app.o
 .bss.timerLed  0x00000000200003a8       0x18 ./Application/User/SubGHz_Phy/App/subghz_phy_app.o
 .bss.RadioBuffer
                0x00000000200003c0       0xff ./Middlewares/SubGHz_Phy/radio.o
 *fill*         0x00000000200004bf        0x1 
 .bss.RadioEvents
                0x00000000200004c0        0x4 ./Middlewares/SubGHz_Phy/radio.o
 .bss.RxTimeoutTimer
                0x00000000200004c4       0x18 ./Middlewares/SubGHz_Phy/radio.o
                0x00000000200004c4                RxTimeoutTimer
 .bss.SubgRf    0x00000000200004dc       0x5c ./Middlewares/SubGHz_Phy/radio.o
                0x00000000200004dc                SubgRf
 .bss.TxTimeoutTimer
                0x0000000020000538       0x18 ./Middlewares/SubGHz_Phy/radio.o
                0x0000000020000538                TxTimeoutTimer
 .bss.FrequencyError
                0x0000000020000550        0x4 ./Middlewares/SubGHz_Phy/radio_driver.o
                0x0000000020000550                FrequencyError
 .bss.ImageCalibrated
                0x0000000020000554        0x1 ./Middlewares/SubGHz_Phy/radio_driver.o
 .bss.LoRaHeaderType
                0x0000000020000555        0x1 ./Middlewares/SubGHz_Phy/radio_driver.o
 .bss.OperatingMode
                0x0000000020000556        0x1 ./Middlewares/SubGHz_Phy/radio_driver.o
 .bss.PacketType
                0x0000000020000557        0x1 ./Middlewares/SubGHz_Phy/radio_driver.o
 .bss.RadioOnDioIrqCb
                0x0000000020000558        0x4 ./Middlewares/SubGHz_Phy/radio_driver.o
 .bss.ADV_TRACE_Buffer
                0x000000002000055c      0x200 ./Utilities/stm32_adv_trace.o
 .bss.ADV_TRACE_Ctx
                0x000000002000075c       0x18 ./Utilities/stm32_adv_trace.o
 .bss.sztmp     0x0000000020000774      0x100 ./Utilities/stm32_adv_trace.o
 .bss.OffModeDisable
                0x0000000020000874        0x4 ./Utilities/stm32_lpm.o
 .bss.StopModeDisable
                0x0000000020000878        0x4 ./Utilities/stm32_lpm.o
 .bss.CurrentTaskIdx
                0x000000002000087c        0x4 ./Utilities/stm32_seq.o
 .bss.EvtSet    0x0000000020000880        0x4 ./Utilities/stm32_seq.o
 .bss.EvtWaited
                0x0000000020000884        0x4 ./Utilities/stm32_seq.o
 .bss.TaskCb    0x0000000020000888        0x4 ./Utilities/stm32_seq.o
 .bss.TaskPrio  0x000000002000088c        0x8 ./Utilities/stm32_seq.o
 .bss.TaskSet   0x0000000020000894        0x4 ./Utilities/stm32_seq.o
 .bss.TimerListHead
                0x0000000020000898        0x4 ./Utilities/stm32_timer.o
 *(COMMON)
                0x00000000200008a0                . = ALIGN (0x8)
 *fill*         0x000000002000089c        0x4 
                0x00000000200008a0                _ebss = .
                0x00000000200008a0                __bss_end__ = _ebss
                0x00000000200008a0                . = ALIGN (0x8)

RAM1_region     0x00000000200008a0        0x0 load address 0x0000000008008298
                0x00000000200008a0                _sRAM1_region = .
 *(.RAM1_region)
                0x00000000200008a0                . = ALIGN (0x8)
                0x00000000200008a0                _eRAM1_region = .
                0x00000000200008a0                . = ALIGN (0x8)

RAM2_region     0x0000000020008000        0x0
                0x0000000020008000                _sRAM2_region = .
 *(.RAM2_region)
                0x0000000020008000                . = ALIGN (0x8)
                0x0000000020008000                _eRAM2_region = .

._user_heap_stack
                0x00000000200008a0      0xa00
                0x00000000200008a0                . = ALIGN (0x8)
                [!provide]                        PROVIDE (end = .)
                0x00000000200008a0                PROVIDE (_end = .)
                0x0000000020000aa0                . = (. + _Min_Heap_Size)
 *fill*         0x00000000200008a0      0x200 
                0x00000000200012a0                . = (. + _Min_Stack_Size)
 *fill*         0x0000000020000aa0      0x800 
                0x00000000200012a0                . = ALIGN (0x8)

/DISCARD/
 libc.a(*)
 libm.a(*)
 libgcc.a(*)

.ARM.attributes
                0x0000000000000000       0x2a
 *(.ARM.attributes)
 .ARM.attributes
                0x0000000000000000       0x1e C:/ST/STM32CubeIDE_1.13.1/STM32CubeIDE/plugins/com.st.stm32cube.ide.mcu.externaltools.gnu-tools-for-stm32.11.3.rel1.win32_1.1.0.202305231506/tools/bin/../lib/gcc/arm-none-eabi/11.3.1/thumb/v7e-m/nofp/crti.o
 .ARM.attributes
                0x000000000000001e       0x2e C:/ST/STM32CubeIDE_1.13.1/STM32CubeIDE/plugins/com.st.stm32cube.ide.mcu.externaltools.gnu-tools-for-stm32.11.3.rel1.win32_1.1.0.202305231506/tools/bin/../lib/gcc/arm-none-eabi/11.3.1/thumb/v7e-m/nofp/crtbegin.o
 .ARM.attributes
                0x000000000000004c       0x2e ./Application/User/Core/dma.o
 .ARM.attributes
                0x000000000000007a       0x2e ./Application/User/Core/gpio.o
 .ARM.attributes
                0x00000000000000a8       0x2e ./Application/User/Core/main.o
 .ARM.attributes
                0x00000000000000d6       0x2e ./Application/User/Core/rtc.o
 .ARM.attributes
                0x0000000000000104       0x2e ./Application/User/Core/stm32_lpm_if.o
 .ARM.attributes
                0x0000000000000132       0x2e ./Application/User/Core/stm32wlxx_hal_msp.o
 .ARM.attributes
                0x0000000000000160       0x2e ./Application/User/Core/stm32wlxx_it.o
 .ARM.attributes
                0x000000000000018e       0x2e ./Application/User/Core/subghz.o
 .ARM.attributes
                0x00000000000001bc       0x2e ./Application/User/Core/sys_app.o
 .ARM.attributes
                0x00000000000001ea       0x2e ./Application/User/Core/sys_debug.o
 .ARM.attributes
                0x0000000000000218       0x2e ./Application/User/Core/timer_if.o
 .ARM.attributes
                0x0000000000000246       0x2e ./Application/User/Core/usart.o
 .ARM.attributes
                0x0000000000000274       0x2e ./Application/User/Core/usart_if.o
 .ARM.attributes
                0x00000000000002a2       0x21 ./Application/User/Startup/startup_stm32wl55jcix.o
 .ARM.attributes
                0x00000000000002c3       0x2e ./Application/User/SubGHz_Phy/App/app_subghz_phy.o
 .ARM.attributes